
Optional file libmchp_peripheral.a not found

Optional file libmchp_peripheral_32MX250F128B.a not found
Archive member included because of file (symbol)

c:/program files (x86)/microchip/xc32/v2.10/bin/bin/../../lib/gcc/pic32mx/4.8.3/../../../../pic32mx/lib\libpic32.a(memcmp.o)
                              build/default/production/_ext/1360937237/app.o (memcmp)
c:/program files (x86)/microchip/xc32/v2.10/bin/bin/../../lib/gcc/pic32mx/4.8.3/../../../../pic32mx/lib\libpic32.a(memcpy.o)
                              build/default/production/_ext/2122677765/usb_device.o (memcpy)
c:/program files (x86)/microchip/xc32/v2.10/bin/bin/../../lib/gcc/pic32mx/4.8.3/../../../../pic32mx/lib\libpic32.a(default-bootstrap-exception-handler.o)
                              c:/program files (x86)/microchip/xc32/v2.10/bin/bin/../../lib/gcc/pic32mx/4.8.3/../../../../pic32mx/lib/./proc/32MX250F128B/crt0_mips32r2.o (_bootstrap_exception_handler)
c:/program files (x86)/microchip/xc32/v2.10/bin/bin/../../lib/gcc/pic32mx/4.8.3/../../../../pic32mx/lib\libpic32.a(default-on-reset.o)
                              c:/program files (x86)/microchip/xc32/v2.10/bin/bin/../../lib/gcc/pic32mx/4.8.3/../../../../pic32mx/lib/./proc/32MX250F128B/crt0_mips32r2.o (_on_reset)
c:/program files (x86)/microchip/xc32/v2.10/bin/bin/../../lib/gcc/pic32mx/4.8.3/../../../../pic32mx/lib\libpic32.a(default-on-bootstrap.o)
                              c:/program files (x86)/microchip/xc32/v2.10/bin/bin/../../lib/gcc/pic32mx/4.8.3/../../../../pic32mx/lib/./proc/32MX250F128B/crt0_mips32r2.o (_on_bootstrap)
c:/program files (x86)/microchip/xc32/v2.10/bin/bin/../../lib/gcc/pic32mx/4.8.3/../../../../pic32mx/lib\libpic32.a(default-nmi-handler.o)
                              c:/program files (x86)/microchip/xc32/v2.10/bin/bin/../../lib/gcc/pic32mx/4.8.3/../../../../pic32mx/lib/./proc/32MX250F128B/crt0_mips32r2.o (_nmi_handler)
c:/program files (x86)/microchip/xc32/v2.10/bin/bin/../../lib/gcc/pic32mx/4.8.3/../../../../pic32mx/lib\libpic32.a(pic32_data_init.o)
                              c:/program files (x86)/microchip/xc32/v2.10/bin/bin/../../lib/gcc/pic32mx/4.8.3/../../../../pic32mx/lib/./proc/32MX250F128B/crt0_mips32r2.o (__pic32_data_init)
c:/program files (x86)/microchip/xc32/v2.10/bin/bin/../../lib/gcc/pic32mx/4.8.3/../../../../pic32mx/lib\libpic32.a(general-exception.o)
                              c:/program files (x86)/microchip/xc32/v2.10/bin/bin/../../lib/gcc/pic32mx/4.8.3/../../../../pic32mx/lib/./proc/32MX250F128B/crt0_mips32r2.o (_general_exception_context)
c:/program files (x86)/microchip/xc32/v2.10/bin/bin/../../lib/gcc/pic32mx/4.8.3/../../../../pic32mx/lib\libpic32.a(vector0.o)
                              c:/program files (x86)/microchip/xc32/v2.10/bin/bin/../../lib/gcc/pic32mx/4.8.3/../../../../pic32mx/lib/./proc/32MX250F128B\default_isr_vectors.o (__vector_dispatch_0)
c:/program files (x86)/microchip/xc32/v2.10/bin/bin/../../lib/gcc/pic32mx/4.8.3/../../../../pic32mx/lib\libpic32.a(vector1.o)
                              c:/program files (x86)/microchip/xc32/v2.10/bin/bin/../../lib/gcc/pic32mx/4.8.3/../../../../pic32mx/lib/./proc/32MX250F128B\default_isr_vectors.o (__vector_dispatch_1)
c:/program files (x86)/microchip/xc32/v2.10/bin/bin/../../lib/gcc/pic32mx/4.8.3/../../../../pic32mx/lib\libpic32.a(vector2.o)
                              c:/program files (x86)/microchip/xc32/v2.10/bin/bin/../../lib/gcc/pic32mx/4.8.3/../../../../pic32mx/lib/./proc/32MX250F128B\default_isr_vectors.o (__vector_dispatch_2)
c:/program files (x86)/microchip/xc32/v2.10/bin/bin/../../lib/gcc/pic32mx/4.8.3/../../../../pic32mx/lib\libpic32.a(vector3.o)
                              c:/program files (x86)/microchip/xc32/v2.10/bin/bin/../../lib/gcc/pic32mx/4.8.3/../../../../pic32mx/lib/./proc/32MX250F128B\default_isr_vectors.o (__vector_dispatch_3)
c:/program files (x86)/microchip/xc32/v2.10/bin/bin/../../lib/gcc/pic32mx/4.8.3/../../../../pic32mx/lib\libpic32.a(vector4.o)
                              c:/program files (x86)/microchip/xc32/v2.10/bin/bin/../../lib/gcc/pic32mx/4.8.3/../../../../pic32mx/lib/./proc/32MX250F128B\default_isr_vectors.o (__vector_dispatch_4)
c:/program files (x86)/microchip/xc32/v2.10/bin/bin/../../lib/gcc/pic32mx/4.8.3/../../../../pic32mx/lib\libpic32.a(vector5.o)
                              c:/program files (x86)/microchip/xc32/v2.10/bin/bin/../../lib/gcc/pic32mx/4.8.3/../../../../pic32mx/lib/./proc/32MX250F128B\default_isr_vectors.o (__vector_dispatch_5)
c:/program files (x86)/microchip/xc32/v2.10/bin/bin/../../lib/gcc/pic32mx/4.8.3/../../../../pic32mx/lib\libpic32.a(vector6.o)
                              c:/program files (x86)/microchip/xc32/v2.10/bin/bin/../../lib/gcc/pic32mx/4.8.3/../../../../pic32mx/lib/./proc/32MX250F128B\default_isr_vectors.o (__vector_dispatch_6)
c:/program files (x86)/microchip/xc32/v2.10/bin/bin/../../lib/gcc/pic32mx/4.8.3/../../../../pic32mx/lib\libpic32.a(vector7.o)
[...]
Memory Configuration

Name             Origin             Length             Attributes
kseg0_program_mem 0x9d000000         0x0001f000         xr
exception_mem    0x9d01f000         0x00001000
debug_exec_mem   0x9fc00490         0x00000760
kseg0_boot_mem   0x9fc00490         0x00000000
kseg1_boot_mem   0xbfc00000         0x00000490
config3          0xbfc00bf0         0x00000004
config2          0xbfc00bf4         0x00000004
config1          0xbfc00bf8         0x00000004
config0          0xbfc00bfc         0x00000004
kseg1_data_mem   0xa0000000         0x00008000         w !x
sfrs             0xbf800000         0x00100000
configsfrs       0xbfc00bf0         0x00000010
*default*        0x00000000         0xffffffff

Linker script and memory map

LOAD c:/program files (x86)/microchip/xc32/v2.10/bin/bin/../../lib/gcc/pic32mx/4.8.3/../../../../pic32mx/lib/./proc/32MX250F128B/crt0_mips32r2.o
LOAD c:/program files (x86)/microchip/xc32/v2.10/bin/bin/../../lib/gcc/pic32mx/4.8.3/../../../../pic32mx/lib\debug-exception-return.o
LOAD build/default/production/_ext/639803181/sys_clk_pic32mx.o
LOAD build/default/production/_ext/340578644/sys_devcon.o
LOAD build/default/production/_ext/340578644/sys_devcon_pic32mx.o
LOAD build/default/production/_ext/822048611/sys_ports_static.o
LOAD build/default/production/_ext/1688732426/system_init.o
LOAD build/default/production/_ext/1688732426/system_interrupt.o
LOAD build/default/production/_ext/1688732426/system_exceptions.o
LOAD build/default/production/_ext/1688732426/system_tasks.o
LOAD build/default/production/_ext/1360937237/app.o
LOAD build/default/production/_ext/1360937237/main.o
LOAD build/default/production/_ext/1360937237/mouse.o
LOAD build/default/production/_ext/495391950/drv_usbfs.o
LOAD build/default/production/_ext/495391950/drv_usbfs_device.o
LOAD build/default/production/_ext/74006194/sys_int_pic32.o
LOAD build/default/production/_ext/2122677765/usb_device.o
LOAD build/default/production/_ext/2122677765/usb_device_hid.o
LOAD build/default/production/_ext/1360937237/I2C.o
LOAD build/default/production/_ext/1360937237/IMU.o
LOAD build/default/production/_ext/1360937237/ili9341.o
LOAD ..\..\..\..\..\..\..\..\..\microchip\harmony\v2_06\bin\framework\peripheral\PIC32MX250F128B_peripherals.a
                0x00000001                __MPLAB_BUILD = 0x1
                0x00000200                _min_heap_size = 0x200
LOAD c:/program files (x86)/microchip/xc32/v2.10/bin/bin/../../lib/gcc/pic32mx/4.8.3/../../../../pic32mx/lib/./proc/32MX250F128B\default_isr_vectors.o
LOAD c:/program files (x86)/microchip/xc32/v2.10/bin/bin/../../lib/gcc/pic32mx/4.8.3/../../../../pic32mx/lib\pic32_software_reset.o
                0x00000400                PROVIDE (_min_stack_size, 0x400)
LOAD c:/program files (x86)/microchip/xc32/v2.10/bin/bin/../../lib/gcc/pic32mx/4.8.3/../../../../pic32mx/lib/./proc/32MX250F128B\processor.o
START GROUP
LOAD libmchp_peripheral.a
END GROUP
START GROUP
LOAD libmchp_peripheral_32MX250F128B.a
END GROUP
                0x00000001                PROVIDE (_vector_spacing, 0x1)
                0x9d01f000                PROVIDE (_ebase_address, 0x9d01f000)
                0xbfc00000                _RESET_ADDR = 0xbfc00000
                0xbfc00380                _BEV_EXCPT_ADDR = 0xbfc00380
                0xbfc00480                _DBG_EXCPT_ADDR = 0xbfc00480
                0x9fc00490                _DBG_CODE_ADDR = 0x9fc00490
                0x00000760                _DBG_CODE_SIZE = 0x760
                0x9d01f180                _GEN_EXCPT_ADDR = (_ebase_address + 0x180)

.config_BFC00BF0
                0xbfc00bf0        0x4
 *(.config_BFC00BF0)
 .config_BFC00BF0
                0xbfc00bf0        0x4 build/default/production/_ext/1688732426/system_init.o

.config_BFC00BF4
                0xbfc00bf4        0x4
 *(.config_BFC00BF4)
 .config_BFC00BF4
                0xbfc00bf4        0x4 build/default/production/_ext/1688732426/system_init.o

.config_BFC00BF8
                0xbfc00bf8        0x4
 *(.config_BFC00BF8)
 .config_BFC00BF8
                0xbfc00bf8        0x4 build/default/production/_ext/1688732426/system_init.o

.config_BFC00BFC
                0xbfc00bfc        0x4
 *(.config_BFC00BFC)
 .config_BFC00BFC
                0xbfc00bfc        0x4 build/default/production/_ext/1688732426/system_init.o
                0xbfc02000                PROVIDE (_DBG_CODE_ADDR, 0xbfc02000)
                0x00000ff0                PROVIDE (_DBG_CODE_SIZE, 0xff0)

.reset          0xbfc00000      0x184
 *(.reset)
 .reset         0xbfc00000        0x8 c:/program files (x86)/microchip/xc32/v2.10/bin/bin/../../lib/gcc/pic32mx/4.8.3/../../../../pic32mx/lib/./proc/32MX250F128B/crt0_mips32r2.o
                0xbfc00000                _reset
 *(.reset.startup)
 .reset.startup
                0xbfc00008      0x17c c:/program files (x86)/microchip/xc32/v2.10/bin/bin/../../lib/gcc/pic32mx/4.8.3/../../../../pic32mx/lib/./proc/32MX250F128B/crt0_mips32r2.o
                0xbfc00008                _startup

.bev_excpt      0xbfc00380       0x10
 *(.bev_handler)
 .bev_handler   0xbfc00380       0x10 c:/program files (x86)/microchip/xc32/v2.10/bin/bin/../../lib/gcc/pic32mx/4.8.3/../../../../pic32mx/lib/./proc/32MX250F128B/crt0_mips32r2.o

.dbg_excpt      0xbfc00480        0x0
                0xbfc00480                . = (. + DEFINED (_DEBUGGER)?0x8:0x0)

.dbg_code       0x9fc00490        0x0
                0x9fc00490                . = (. + DEFINED (_DEBUGGER)?_DBG_CODE_SIZE:0x0)

.app_excpt      0x9d01f180       0x10
 *(.gen_handler)
 .gen_handler   0x9d01f180       0x10 c:/program files (x86)/microchip/xc32/v2.10/bin/bin/../../lib/gcc/pic32mx/4.8.3/../../../../pic32mx/lib/./proc/32MX250F128B/crt0_mips32r2.o

.vector_0       0x9d01f200        0x8
 *(.vector_0)
 .vector_0      0x9d01f200        0x8 c:/program files (x86)/microchip/xc32/v2.10/bin/bin/../../lib/gcc/pic32mx/4.8.3/../../../../pic32mx/lib\libpic32.a(vector0.o)
                0x9d01f200                __vector_dispatch_0
                0x00000001                ASSERT (((_vector_spacing == 0x0) || (SIZEOF (.vector_0) <= (_vector_spacing << 0x5))), function at exception vector 0 too large)

.vector_1       0x9d01f220        0x8
 *(.vector_1)
 .vector_1      0x9d01f220        0x8 c:/program files (x86)/microchip/xc32/v2.10/bin/bin/../../lib/gcc/pic32mx/4.8.3/../../../../pic32mx/lib\libpic32.a(vector1.o)
                0x9d01f220                __vector_dispatch_1
                0x00000001                ASSERT (((_vector_spacing == 0x0) || (SIZEOF (.vector_1) <= (_vector_spacing << 0x5))), function at exception vector 1 too large)

.vector_2       0x9d01f240        0x8
 *(.vector_2)
 .vector_2      0x9d01f240        0x8 c:/program files (x86)/microchip/xc32/v2.10/bin/bin/../../lib/gcc/pic32mx/4.8.3/../../../../pic32mx/lib\libpic32.a(vector2.o)
                0x9d01f240                __vector_dispatch_2
                0x00000001                ASSERT (((_vector_spacing == 0x0) || (SIZEOF (.vector_2) <= (_vector_spacing << 0x5))), function at exception vector 2 too large)

.vector_3       0x9d01f260        0x8
 *(.vector_3)
 .vector_3      0x9d01f260        0x8 c:/program files (x86)/microchip/xc32/v2.10/bin/bin/../../lib/gcc/pic32mx/4.8.3/../../../../pic32mx/lib\libpic32.a(vector3.o)
                0x9d01f260                __vector_dispatch_3
                0x00000001                ASSERT (((_vector_spacing == 0x0) || (SIZEOF (.vector_3) <= (_vector_spacing << 0x5))), function at exception vector 3 too large)

.vector_4       0x9d01f280        0x8
 *(.vector_4)
 .vector_4      0x9d01f280        0x8 c:/program files (x86)/microchip/xc32/v2.10/bin/bin/../../lib/gcc/pic32mx/4.8.3/../../../../pic32mx/lib\libpic32.a(vector4.o)
                0x9d01f280                __vector_dispatch_4
                0x00000001                ASSERT (((_vector_spacing == 0x0) || (SIZEOF (.vector_4) <= (_vector_spacing << 0x5))), function at exception vector 4 too large)

.vector_5       0x9d01f2a0        0x8
 *(.vector_5)
 .vector_5      0x9d01f2a0        0x8 c:/program files (x86)/microchip/xc32/v2.10/bin/bin/../../lib/gcc/pic32mx/4.8.3/../../../../pic32mx/lib\libpic32.a(vector5.o)
                0x9d01f2a0                __vector_dispatch_5
                0x00000001                ASSERT (((_vector_spacing == 0x0) || (SIZEOF (.vector_5) <= (_vector_spacing << 0x5))), function at exception vector 5 too large)

.vector_6       0x9d01f2c0        0x8
 *(.vector_6)
 .vector_6      0x9d01f2c0        0x8 c:/program files (x86)/microchip/xc32/v2.10/bin/bin/../../lib/gcc/pic32mx/4.8.3/../../../../pic32mx/lib\libpic32.a(vector6.o)
                0x9d01f2c0                __vector_dispatch_6
                0x00000001                ASSERT (((_vector_spacing == 0x0) || (SIZEOF (.vector_6) <= (_vector_spacing << 0x5))), function at exception vector 6 too large)

.vector_7       0x9d01f2e0        0x8
 *(.vector_7)
 .vector_7      0x9d01f2e0        0x8 c:/program files (x86)/microchip/xc32/v2.10/bin/bin/../../lib/gcc/pic32mx/4.8.3/../../../../pic32mx/lib\libpic32.a(vector7.o)
                0x9d01f2e0                __vector_dispatch_7
                0x00000001                ASSERT (((_vector_spacing == 0x0) || (SIZEOF (.vector_7) <= (_vector_spacing << 0x5))), function at exception vector 7 too large)

.vector_8       0x9d01f300        0x8
 *(.vector_8)
 .vector_8      0x9d01f300        0x8 c:/program files (x86)/microchip/xc32/v2.10/bin/bin/../../lib/gcc/pic32mx/4.8.3/../../../../pic32mx/lib\libpic32.a(vector8.o)
                0x9d01f300                __vector_dispatch_8
                0x00000001                ASSERT (((_vector_spacing == 0x0) || (SIZEOF (.vector_8) <= (_vector_spacing << 0x5))), function at exception vector 8 too large)

.vector_9       0x9d01f320        0x8
 *(.vector_9)
 .vector_9      0x9d01f320        0x8 c:/program files (x86)/microchip/xc32/v2.10/bin/bin/../../lib/gcc/pic32mx/4.8.3/../../../../pic32mx/lib\libpic32.a(vector9.o)
                0x9d01f320                __vector_dispatch_9
                0x00000001                ASSERT (((_vector_spacing == 0x0) || (SIZEOF (.vector_9) <= (_vector_spacing << 0x5))), function at exception vector 9 too large)

.vector_10      0x9d01f340        0x8
 *(.vector_10)
 .vector_10     0x9d01f340        0x8 c:/program files (x86)/microchip/xc32/v2.10/bin/bin/../../lib/gcc/pic32mx/4.8.3/../../../../pic32mx/lib\libpic32.a(vector10.o)
                0x9d01f340                __vector_dispatch_10
                0x00000001                ASSERT (((_vector_spacing == 0x0) || (SIZEOF (.vector_10) <= (_vector_spacing << 0x5))), function at exception vector 10 too large)

.vector_11      0x9d01f360        0x8
 *(.vector_11)
 .vector_11     0x9d01f360        0x8 c:/program files (x86)/microchip/xc32/v2.10/bin/bin/../../lib/gcc/pic32mx/4.8.3/../../../../pic32mx/lib\libpic32.a(vector11.o)
                0x9d01f360                __vector_dispatch_11
                0x00000001                ASSERT (((_vector_spacing == 0x0) || (SIZEOF (.vector_11) <= (_vector_spacing << 0x5))), function at exception vector 11 too large)

.vector_12      0x9d01f380        0x8
 *(.vector_12)
 .vector_12     0x9d01f380        0x8 c:/program files (x86)/microchip/xc32/v2.10/bin/bin/../../lib/gcc/pic32mx/4.8.3/../../../../pic32mx/lib\libpic32.a(vector12.o)
                0x9d01f380                __vector_dispatch_12
                0x00000001                ASSERT (((_vector_spacing == 0x0) || (SIZEOF (.vector_12) <= (_vector_spacing << 0x5))), function at exception vector 12 too large)

.vector_13      0x9d01f3a0        0x8
 *(.vector_13)
 .vector_13     0x9d01f3a0        0x8 c:/program files (x86)/microchip/xc32/v2.10/bin/bin/../../lib/gcc/pic32mx/4.8.3/../../../../pic32mx/lib\libpic32.a(vector13.o)
                0x9d01f3a0                __vector_dispatch_13
                0x00000001                ASSERT (((_vector_spacing == 0x0) || (SIZEOF (.vector_13) <= (_vector_spacing << 0x5))), function at exception vector 13 too large)

.vector_14      0x9d01f3c0        0x8
 *(.vector_14)
 .vector_14     0x9d01f3c0        0x8 c:/program files (x86)/microchip/xc32/v2.10/bin/bin/../../lib/gcc/pic32mx/4.8.3/../../../../pic32mx/lib\libpic32.a(vector14.o)
                0x9d01f3c0                __vector_dispatch_14
                0x00000001                ASSERT (((_vector_spacing == 0x0) || (SIZEOF (.vector_14) <= (_vector_spacing << 0x5))), function at exception vector 14 too large)

.vector_15      0x9d01f3e0        0x8
 *(.vector_15)
 .vector_15     0x9d01f3e0        0x8 c:/program files (x86)/microchip/xc32/v2.10/bin/bin/../../lib/gcc/pic32mx/4.8.3/../../../../pic32mx/lib\libpic32.a(vector15.o)
                0x9d01f3e0                __vector_dispatch_15
                0x00000001                ASSERT (((_vector_spacing == 0x0) || (SIZEOF (.vector_15) <= (_vector_spacing << 0x5))), function at exception vector 15 too large)

.vector_16      0x9d01f400        0x8
 *(.vector_16)
 .vector_16     0x9d01f400        0x8 c:/program files (x86)/microchip/xc32/v2.10/bin/bin/../../lib/gcc/pic32mx/4.8.3/../../../../pic32mx/lib\libpic32.a(vector16.o)
                0x9d01f400                __vector_dispatch_16
                0x00000001                ASSERT (((_vector_spacing == 0x0) || (SIZEOF (.vector_16) <= (_vector_spacing << 0x5))), function at exception vector 16 too large)

.vector_17      0x9d01f420        0x8
 *(.vector_17)
 .vector_17     0x9d01f420        0x8 c:/program files (x86)/microchip/xc32/v2.10/bin/bin/../../lib/gcc/pic32mx/4.8.3/../../../../pic32mx/lib\libpic32.a(vector17.o)
                0x9d01f420                __vector_dispatch_17
                0x00000001                ASSERT (((_vector_spacing == 0x0) || (SIZEOF (.vector_17) <= (_vector_spacing << 0x5))), function at exception vector 17 too large)

.vector_18      0x9d01f440        0x8
 *(.vector_18)
 .vector_18     0x9d01f440        0x8 c:/program files (x86)/microchip/xc32/v2.10/bin/bin/../../lib/gcc/pic32mx/4.8.3/../../../../pic32mx/lib\libpic32.a(vector18.o)
                0x9d01f440                __vector_dispatch_18
                0x00000001                ASSERT (((_vector_spacing == 0x0) || (SIZEOF (.vector_18) <= (_vector_spacing << 0x5))), function at exception vector 18 too large)

.vector_19      0x9d01f460        0x8
 *(.vector_19)
 .vector_19     0x9d01f460        0x8 c:/program files (x86)/microchip/xc32/v2.10/bin/bin/../../lib/gcc/pic32mx/4.8.3/../../../../pic32mx/lib\libpic32.a(vector19.o)
                0x9d01f460                __vector_dispatch_19
                0x00000001                ASSERT (((_vector_spacing == 0x0) || (SIZEOF (.vector_19) <= (_vector_spacing << 0x5))), function at exception vector 19 too large)

.vector_20      0x9d01f480        0x8
 *(.vector_20)
 .vector_20     0x9d01f480        0x8 c:/program files (x86)/microchip/xc32/v2.10/bin/bin/../../lib/gcc/pic32mx/4.8.3/../../../../pic32mx/lib\libpic32.a(vector20.o)
                0x9d01f480                __vector_dispatch_20
                0x00000001                ASSERT (((_vector_spacing == 0x0) || (SIZEOF (.vector_20) <= (_vector_spacing << 0x5))), function at exception vector 20 too large)

.vector_21      0x9d01f4a0        0x8
 *(.vector_21)
 .vector_21     0x9d01f4a0        0x8 c:/program files (x86)/microchip/xc32/v2.10/bin/bin/../../lib/gcc/pic32mx/4.8.3/../../../../pic32mx/lib\libpic32.a(vector21.o)
                0x9d01f4a0                __vector_dispatch_21
                0x00000001                ASSERT (((_vector_spacing == 0x0) || (SIZEOF (.vector_21) <= (_vector_spacing << 0x5))), function at exception vector 21 too large)

.vector_22      0x9d01f4c0        0x8
 *(.vector_22)
 .vector_22     0x9d01f4c0        0x8 c:/program files (x86)/microchip/xc32/v2.10/bin/bin/../../lib/gcc/pic32mx/4.8.3/../../../../pic32mx/lib\libpic32.a(vector22.o)
                0x9d01f4c0                __vector_dispatch_22
                0x00000001                ASSERT (((_vector_spacing == 0x0) || (SIZEOF (.vector_22) <= (_vector_spacing << 0x5))), function at exception vector 22 too large)

.vector_23      0x9d01f4e0        0x8
 *(.vector_23)
 .vector_23     0x9d01f4e0        0x8 c:/program files (x86)/microchip/xc32/v2.10/bin/bin/../../lib/gcc/pic32mx/4.8.3/../../../../pic32mx/lib\libpic32.a(vector23.o)
                0x9d01f4e0                __vector_dispatch_23
                0x00000001                ASSERT (((_vector_spacing == 0x0) || (SIZEOF (.vector_23) <= (_vector_spacing << 0x5))), function at exception vector 23 too large)

.vector_24      0x9d01f500        0x8
 *(.vector_24)
 .vector_24     0x9d01f500        0x8 c:/program files (x86)/microchip/xc32/v2.10/bin/bin/../../lib/gcc/pic32mx/4.8.3/../../../../pic32mx/lib\libpic32.a(vector24.o)
                0x9d01f500                __vector_dispatch_24
                0x00000001                ASSERT (((_vector_spacing == 0x0) || (SIZEOF (.vector_24) <= (_vector_spacing << 0x5))), function at exception vector 24 too large)

.vector_25      0x9d01f520        0x8
 *(.vector_25)
 .vector_25     0x9d01f520        0x8 c:/program files (x86)/microchip/xc32/v2.10/bin/bin/../../lib/gcc/pic32mx/4.8.3/../../../../pic32mx/lib\libpic32.a(vector25.o)
                0x9d01f520                __vector_dispatch_25
                0x00000001                ASSERT (((_vector_spacing == 0x0) || (SIZEOF (.vector_25) <= (_vector_spacing << 0x5))), function at exception vector 25 too large)

.vector_26      0x9d01f540        0x8
 *(.vector_26)
 .vector_26     0x9d01f540        0x8 c:/program files (x86)/microchip/xc32/v2.10/bin/bin/../../lib/gcc/pic32mx/4.8.3/../../../../pic32mx/lib\libpic32.a(vector26.o)
                0x9d01f540                __vector_dispatch_26
                0x00000001                ASSERT (((_vector_spacing == 0x0) || (SIZEOF (.vector_26) <= (_vector_spacing << 0x5))), function at exception vector 26 too large)

.vector_27      0x9d01f560        0x8
 *(.vector_27)
 .vector_27     0x9d01f560        0x8 c:/program files (x86)/microchip/xc32/v2.10/bin/bin/../../lib/gcc/pic32mx/4.8.3/../../../../pic32mx/lib\libpic32.a(vector27.o)
                0x9d01f560                __vector_dispatch_27
                0x00000001                ASSERT (((_vector_spacing == 0x0) || (SIZEOF (.vector_27) <= (_vector_spacing << 0x5))), function at exception vector 27 too large)

.vector_28      0x9d01f580        0x8
 *(.vector_28)
 .vector_28     0x9d01f580        0x8 c:/program files (x86)/microchip/xc32/v2.10/bin/bin/../../lib/gcc/pic32mx/4.8.3/../../../../pic32mx/lib\libpic32.a(vector28.o)
                0x9d01f580                __vector_dispatch_28
                0x00000001                ASSERT (((_vector_spacing == 0x0) || (SIZEOF (.vector_28) <= (_vector_spacing << 0x5))), function at exception vector 28 too large)

.vector_29      0x9d01f5a0        0x8
 *(.vector_29)
 .vector_29     0x9d01f5a0        0x8 c:/program files (x86)/microchip/xc32/v2.10/bin/bin/../../lib/gcc/pic32mx/4.8.3/../../../../pic32mx/lib\libpic32.a(vector29.o)
                0x9d01f5a0                __vector_dispatch_29
                0x00000001                ASSERT (((_vector_spacing == 0x0) || (SIZEOF (.vector_29) <= (_vector_spacing << 0x5))), function at exception vector 29 too large)

.vector_30      0x9d01f5c0        0x8
 *(.vector_30)
 .vector_30     0x9d01f5c0        0x8 build/default/production/_ext/1688732426/system_interrupt.o
                0x9d01f5c0                __vector_dispatch_30
                0x00000001                ASSERT (((_vector_spacing == 0x0) || (SIZEOF (.vector_30) <= (_vector_spacing << 0x5))), function at exception vector 30 too large)

.vector_31      0x9d01f5e0        0x8
 *(.vector_31)
 .vector_31     0x9d01f5e0        0x8 c:/program files (x86)/microchip/xc32/v2.10/bin/bin/../../lib/gcc/pic32mx/4.8.3/../../../../pic32mx/lib\libpic32.a(vector31.o)
                0x9d01f5e0                __vector_dispatch_31
                0x00000001                ASSERT (((_vector_spacing == 0x0) || (SIZEOF (.vector_31) <= (_vector_spacing << 0x5))), function at exception vector 31 too large)

.vector_32      0x9d01f600        0x8
 *(.vector_32)
 .vector_32     0x9d01f600        0x8 c:/program files (x86)/microchip/xc32/v2.10/bin/bin/../../lib/gcc/pic32mx/4.8.3/../../../../pic32mx/lib\libpic32.a(vector32.o)
                0x9d01f600                __vector_dispatch_32
                0x00000001                ASSERT (((_vector_spacing == 0x0) || (SIZEOF (.vector_32) <= (_vector_spacing << 0x5))), function at exception vector 32 too large)

.vector_33      0x9d01f620        0x8
 *(.vector_33)
 .vector_33     0x9d01f620        0x8 c:/program files (x86)/microchip/xc32/v2.10/bin/bin/../../lib/gcc/pic32mx/4.8.3/../../../../pic32mx/lib\libpic32.a(vector33.o)
                0x9d01f620                __vector_dispatch_33
                0x00000001                ASSERT (((_vector_spacing == 0x0) || (SIZEOF (.vector_33) <= (_vector_spacing << 0x5))), function at exception vector 33 too large)

.vector_34      0x9d01f640        0x8
 *(.vector_34)
 .vector_34     0x9d01f640        0x8 c:/program files (x86)/microchip/xc32/v2.10/bin/bin/../../lib/gcc/pic32mx/4.8.3/../../../../pic32mx/lib\libpic32.a(vector34.o)
                0x9d01f640                __vector_dispatch_34
                0x00000001                ASSERT (((_vector_spacing == 0x0) || (SIZEOF (.vector_34) <= (_vector_spacing << 0x5))), function at exception vector 34 too large)

.vector_35      0x9d01f660        0x8
 *(.vector_35)
 .vector_35     0x9d01f660        0x8 c:/program files (x86)/microchip/xc32/v2.10/bin/bin/../../lib/gcc/pic32mx/4.8.3/../../../../pic32mx/lib\libpic32.a(vector35.o)
                0x9d01f660                __vector_dispatch_35
                0x00000001                ASSERT (((_vector_spacing == 0x0) || (SIZEOF (.vector_35) <= (_vector_spacing << 0x5))), function at exception vector 35 too large)

.vector_36      0x9d01f680        0x8
 *(.vector_36)
 .vector_36     0x9d01f680        0x8 c:/program files (x86)/microchip/xc32/v2.10/bin/bin/../../lib/gcc/pic32mx/4.8.3/../../../../pic32mx/lib\libpic32.a(vector36.o)
                0x9d01f680                __vector_dispatch_36
                0x00000001                ASSERT (((_vector_spacing == 0x0) || (SIZEOF (.vector_36) <= (_vector_spacing << 0x5))), function at exception vector 36 too large)

.vector_37      0x9d01f6a0        0x8
 *(.vector_37)
 .vector_37     0x9d01f6a0        0x8 c:/program files (x86)/microchip/xc32/v2.10/bin/bin/../../lib/gcc/pic32mx/4.8.3/../../../../pic32mx/lib\libpic32.a(vector37.o)
                0x9d01f6a0                __vector_dispatch_37
                0x00000001                ASSERT (((_vector_spacing == 0x0) || (SIZEOF (.vector_37) <= (_vector_spacing << 0x5))), function at exception vector 37 too large)

.vector_38      0x9d01f6c0        0x8
 *(.vector_38)
 .vector_38     0x9d01f6c0        0x8 c:/program files (x86)/microchip/xc32/v2.10/bin/bin/../../lib/gcc/pic32mx/4.8.3/../../../../pic32mx/lib\libpic32.a(vector38.o)
                0x9d01f6c0                __vector_dispatch_38
                0x00000001                ASSERT (((_vector_spacing == 0x0) || (SIZEOF (.vector_38) <= (_vector_spacing << 0x5))), function at exception vector 38 too large)

.vector_39      0x9d01f6e0        0x8
 *(.vector_39)
 .vector_39     0x9d01f6e0        0x8 c:/program files (x86)/microchip/xc32/v2.10/bin/bin/../../lib/gcc/pic32mx/4.8.3/../../../../pic32mx/lib\libpic32.a(vector39.o)
                0x9d01f6e0                __vector_dispatch_39
                0x00000001                ASSERT (((_vector_spacing == 0x0) || (SIZEOF (.vector_39) <= (_vector_spacing << 0x5))), function at exception vector 39 too large)

.vector_40      0x9d01f700        0x8
 *(.vector_40)
 .vector_40     0x9d01f700        0x8 c:/program files (x86)/microchip/xc32/v2.10/bin/bin/../../lib/gcc/pic32mx/4.8.3/../../../../pic32mx/lib\libpic32.a(vector40.o)
                0x9d01f700                __vector_dispatch_40
                0x00000001                ASSERT (((_vector_spacing == 0x0) || (SIZEOF (.vector_40) <= (_vector_spacing << 0x5))), function at exception vector 40 too large)

.vector_41      0x9d01f720        0x8
 *(.vector_41)
 .vector_41     0x9d01f720        0x8 c:/program files (x86)/microchip/xc32/v2.10/bin/bin/../../lib/gcc/pic32mx/4.8.3/../../../../pic32mx/lib\libpic32.a(vector41.o)
                0x9d01f720                __vector_dispatch_41
                0x00000001                ASSERT (((_vector_spacing == 0x0) || (SIZEOF (.vector_41) <= (_vector_spacing << 0x5))), function at exception vector 41 too large)

.vector_42      0x9d01f740        0x8
 *(.vector_42)
 .vector_42     0x9d01f740        0x8 c:/program files (x86)/microchip/xc32/v2.10/bin/bin/../../lib/gcc/pic32mx/4.8.3/../../../../pic32mx/lib\libpic32.a(vector42.o)
                0x9d01f740                __vector_dispatch_42
                0x00000001                ASSERT (((_vector_spacing == 0x0) || (SIZEOF (.vector_42) <= (_vector_spacing << 0x5))), function at exception vector 42 too large)

.vector_43      0x9d01f760        0x8
 *(.vector_43)
 .vector_43     0x9d01f760        0x8 c:/program files (x86)/microchip/xc32/v2.10/bin/bin/../../lib/gcc/pic32mx/4.8.3/../../../../pic32mx/lib\libpic32.a(vector43.o)
                0x9d01f760                __vector_dispatch_43
                0x00000001                ASSERT (((_vector_spacing == 0x0) || (SIZEOF (.vector_43) <= (_vector_spacing << 0x5))), function at exception vector 43 too large)

.vector_44      0x9d01f780        0x0
 *(.vector_44)
                0x00000001                ASSERT (((_vector_spacing == 0x0) || (SIZEOF (.vector_44) <= (_vector_spacing << 0x5))), function at exception vector 44 too large)

.vector_45      0x9d01f7a0        0x0
 *(.vector_45)
                0x00000001                ASSERT (((_vector_spacing == 0x0) || (SIZEOF (.vector_45) <= (_vector_spacing << 0x5))), function at exception vector 45 too large)

.vector_46      0x9d01f7c0        0x0
 *(.vector_46)
                0x00000001                ASSERT (((_vector_spacing == 0x0) || (SIZEOF (.vector_46) <= (_vector_spacing << 0x5))), function at exception vector 46 too large)

.vector_47      0x9d01f7e0        0x0
 *(.vector_47)
                0x00000001                ASSERT (((_vector_spacing == 0x0) || (SIZEOF (.vector_47) <= (_vector_spacing << 0x5))), function at exception vector 47 too large)

.vector_48      0x9d01f800        0x0
 *(.vector_48)
                0x00000001                ASSERT (((_vector_spacing == 0x0) || (SIZEOF (.vector_48) <= (_vector_spacing << 0x5))), function at exception vector 48 too large)

.vector_49      0x9d01f820        0x0
 *(.vector_49)
                0x00000001                ASSERT (((_vector_spacing == 0x0) || (SIZEOF (.vector_49) <= (_vector_spacing << 0x5))), function at exception vector 49 too large)

.vector_50      0x9d01f840        0x0
 *(.vector_50)
                0x00000001                ASSERT (((_vector_spacing == 0x0) || (SIZEOF (.vector_50) <= (_vector_spacing << 0x5))), function at exception vector 50 too large)

.vector_51      0x9d01f860        0x0
 *(.vector_51)
                0x00000001                ASSERT (((_vector_spacing == 0x0) || (SIZEOF (.vector_51) <= (_vector_spacing << 0x5))), function at exception vector 51 too large)

.vector_52      0x9d01f880        0x0
 *(.vector_52)
                0x00000001                ASSERT (((_vector_spacing == 0x0) || (SIZEOF (.vector_52) <= (_vector_spacing << 0x5))), function at exception vector 52 too large)

.vector_53      0x9d01f8a0        0x0
 *(.vector_53)
                0x00000001                ASSERT (((_vector_spacing == 0x0) || (SIZEOF (.vector_53) <= (_vector_spacing << 0x5))), function at exception vector 53 too large)

.vector_54      0x9d01f8c0        0x0
 *(.vector_54)
                0x00000001                ASSERT (((_vector_spacing == 0x0) || (SIZEOF (.vector_54) <= (_vector_spacing << 0x5))), function at exception vector 54 too large)

.vector_55      0x9d01f8e0        0x0
 *(.vector_55)
                0x00000001                ASSERT (((_vector_spacing == 0x0) || (SIZEOF (.vector_55) <= (_vector_spacing << 0x5))), function at exception vector 55 too large)

.vector_56      0x9d01f900        0x0
 *(.vector_56)
                0x00000001                ASSERT (((_vector_spacing == 0x0) || (SIZEOF (.vector_56) <= (_vector_spacing << 0x5))), function at exception vector 56 too large)

.vector_57      0x9d01f920        0x0
 *(.vector_57)
                0x00000001                ASSERT (((_vector_spacing == 0x0) || (SIZEOF (.vector_57) <= (_vector_spacing << 0x5))), function at exception vector 57 too large)

.vector_58      0x9d01f940        0x0
 *(.vector_58)
                0x00000001                ASSERT (((_vector_spacing == 0x0) || (SIZEOF (.vector_58) <= (_vector_spacing << 0x5))), function at exception vector 58 too large)

.vector_59      0x9d01f960        0x0
 *(.vector_59)
                0x00000001                ASSERT (((_vector_spacing == 0x0) || (SIZEOF (.vector_59) <= (_vector_spacing << 0x5))), function at exception vector 59 too large)

.vector_60      0x9d01f980        0x0
 *(.vector_60)
                0x00000001                ASSERT (((_vector_spacing == 0x0) || (SIZEOF (.vector_60) <= (_vector_spacing << 0x5))), function at exception vector 60 too large)

.vector_61      0x9d01f9a0        0x0
 *(.vector_61)
                0x00000001                ASSERT (((_vector_spacing == 0x0) || (SIZEOF (.vector_61) <= (_vector_spacing << 0x5))), function at exception vector 61 too large)

.vector_62      0x9d01f9c0        0x0
 *(.vector_62)
                0x00000001                ASSERT (((_vector_spacing == 0x0) || (SIZEOF (.vector_62) <= (_vector_spacing << 0x5))), function at exception vector 62 too large)

.vector_63      0x9d01f9e0        0x0
 *(.vector_63)
                0x00000001                ASSERT (((_vector_spacing == 0x0) || (SIZEOF (.vector_63) <= (_vector_spacing << 0x5))), function at exception vector 63 too large)

.startup
 *(.startup)

.text           0x9d000000        0x0
 *(.stub .gnu.linkonce.t.*)
 *(.text.*personality*)
 *(.mips16.fn.*)
 *(.mips16.call.*)
 *(.gnu.warning)
                0x9d000000                . = ALIGN (0x4)

.init           0x9d000000        0x0
 *crti.o(.init)
 *crtbegin.o(.init)
 *(EXCLUDE_FILE(*crtn.o *crtend?.o *crtend.o) .init)
 *crtend.o(.init)
 *crtn.o(.init)
                0x9d000000                . = ALIGN (0x4)

.fini           0x9d000000        0x0
 *(.fini)
                0x9d000000                . = ALIGN (0x4)

.preinit_array  0x9d000000        0x0
                0x9d000000                PROVIDE (__preinit_array_start, .)
 *(.preinit_array)
                0x9d000000                PROVIDE (__preinit_array_end, .)
                0x9d000000                . = ALIGN (0x4)

.init_array     0x9d000000        0x0
                0x9d000000                PROVIDE (__init_array_start, .)
 *(SORT(.init_array.*))
 *(.init_array)
                0x9d000000                PROVIDE (__init_array_end, .)
                0x9d000000                . = ALIGN (0x4)

.fini_array     0x9d000000        0x0
                0x9d000000                PROVIDE (__fini_array_start, .)
 *(SORT(.fini_array.*))
 *(.fini_array)
                0x9d000000                PROVIDE (__fini_array_end, .)
                0x9d000000                . = ALIGN (0x4)

.ctors          0x9d000000        0x0
 *crtbegin.o(.ctors)
 *crtbegin?.o(.ctors)
 *(EXCLUDE_FILE(*crtend?.o *crtend.o) .ctors)
 *(SORT(.ctors.*))
 *(.ctors)
                0x9d000000                . = ALIGN (0x4)

.dtors          0x9d000000        0x0
 *crtbegin.o(.dtors)
 *crtbegin?.o(.dtors)
 *(EXCLUDE_FILE(*crtend?.o *crtend.o) .dtors)
 *(SORT(.dtors.*))
 *(.dtors)
                0x9d000000                . = ALIGN (0x4)

.rodata         0x9d000000        0x0
 *(.gnu.linkonce.r.*)
 *(.rodata1)
                0x9d000000                . = ALIGN (0x4)

.sdata2         0x9fc00490        0x0
 *(.sdata2 .sdata2.* .gnu.linkonce.s2.*)
                0x9fc00490                . = ALIGN (0x4)

.sbss2          0x9fc00490        0x0
 *(.sbss2 .sbss2.* .gnu.linkonce.sb2.*)
                0x9fc00490                . = ALIGN (0x4)

.eh_frame_hdr
 *(.eh_frame_hdr)
                0x9fc00490                . = ALIGN (0x4)

.eh_frame
 *(.eh_frame)
                0x9fc00490                . = ALIGN (0x4)

.gcc_except_table
 *(.gcc_except_table .gcc_except_table.*)
                0x9fc00490                . = ALIGN (0x4)

.dbg_data       0xa0000000        0x0
                0xa0000000                . = (. + DEFINED (_DEBUGGER)?0x200:0x0)

.jcr            0xa0000000        0x0
 *(.jcr)
                0xa0000000                . = ALIGN (0x4)

.eh_frame
 *(.eh_frame)
                0xa0000000                . = ALIGN (0x4)

.gcc_except_table
 *(.gcc_except_table .gcc_except_table.*)
                0xa0000000                . = ALIGN (0x4)

.persist        0xa0000000        0x0
                0xa0000000                _persist_begin = .
 *(.persist .persist.*)
 *(.pbss .pbss.*)
                0xa0000000                . = ALIGN (0x4)
                0xa0000000                _persist_end = .

.data           0xa0000000        0x0
 *(.gnu.linkonce.d.*)
 *(.data1)
                0xa0000000                . = ALIGN (0x4)
                0xa0000000                . = .
                0xa0007ff0                _gp = (ALIGN (0x10) + 0x7ff0)

.got            0xa0000000        0x0
 *(.got.plt)
 *(.got)
                0xa0000000                . = ALIGN (0x4)

.sdata          0xa0000000        0x4
                0xa0000000                _sdata_begin = .
 *(.sdata .sdata.* .gnu.linkonce.s.*)
 .sdata         0xa0000000        0x4 c:/program files (x86)/microchip/xc32/v2.10/bin/bin/../../lib/gcc/pic32mx/4.8.3/../../../../pic32mx/lib\libpic32.a(xc32_uart.o)
                0xa0000000                __XC_UART
                0xa0000004                . = ALIGN (0x4)
                0xa0000004                _sdata_end = .

.lit8
 *(.lit8)

.lit4
 *(.lit4)
                0xa0000004                . = ALIGN (0x4)
                0xa0000004                _data_end = .
                0xa0000004                _bss_begin = .

.sbss           0xa0000004       0x38
                0xa0000004                _sbss_begin = .
 *(.dynsbss)
 *(.sbss .sbss.* .gnu.linkonce.sb.*)
 .sbss          0xa0000004        0xc build/default/production/_ext/1688732426/system_exceptions.o
 .sbss          0xa0000010        0x1 build/default/production/_ext/1360937237/app.o
 .sbss          0xa0000011        0x1 build/default/production/_ext/2122677765/usb_device_hid.o
 *(.scommon)
 *fill*         0xa0000012        0x2 
 .scommon       0xa0000014        0x8 build/default/production/_ext/340578644/sys_devcon.o
                0xa0000014                sysDevconObj
 .scommon       0xa000001c        0x8 build/default/production/_ext/1688732426/system_init.o
                0xa000001c                sysObj
 .scommon       0xa0000024       0x14 build/default/production/_ext/1360937237/app.o
                0xa0000024                mouseReportPrevious
                0xa0000027                recvd
                0xa0000028                i
                0xa000002c                mouseReport
                0xa0000030                accelPercentX
                0xa0000034                accelPercentY
 .scommon       0xa0000038        0x2 build/default/production/_ext/2122677765/usb_device_hid.o
                0xa0000038                gUSBDeviceHidCommonDataObj
                0xa000003a                _sbss_end = .
                0xa000003c                . = ALIGN (0x4)
 *fill*         0xa000003a        0x2 

.bss            0xa0000200      0x1f4
 *(.dynbss)
 *(COMMON)
 COMMON         0xa0000200       0x40 build/default/production/_ext/1688732426/system_init.o
                0xa0000200                endPointTable
 COMMON         0xa0000240       0xac build/default/production/_ext/1360937237/app.o
                0xa0000240                recondata
                0xa0000250                appData
                0xa0000278                data
                0xa0000288                m
 COMMON         0xa00002ec       0x98 build/default/production/_ext/495391950/drv_usbfs.o
                0xa00002ec                gDrvUSBGroup
 COMMON         0xa0000384       0x70 build/default/production/_ext/2122677765/usb_device_hid.o
                0xa0000384                gUsbDeviceHidInstance
                0xa00003ac                gUSBDeviceHIDIRP
                0xa00003f4                . = ALIGN ((. != 0x0)?0x4:0x1)
                0xa00003f4                . = ALIGN (0x4)
                0xa00003f4                _end = .
                0xa00003f4                _bss_end = .
                0x00008000                _bmxdudba_address = 0x8000
                0x00008000                _bmxdupba_address = 0x8000

/DISCARD/
 *(.pdr)
 *(.rel.dyn)
 *(.note.GNU-stack)
 *(.note.GNU-stack)
 *(.gnu_debuglink)
 *(.gnu.lto_*)
 *(.discard)

.gptab.sdata
 *(.gptab.data)
 *(.gptab.sdata)

.gptab.sbss
 *(.gptab.bss)
 *(.gptab.sbss)

.mdebug.abi32   0xa00003f4        0x0
 *(.mdebug.abi32)
 .mdebug.abi32  0xa00003f4        0x0 build/default/production/_ext/639803181/sys_clk_pic32mx.o
 .mdebug.abi32  0xa00003f4        0x0 build/default/production/_ext/340578644/sys_devcon.o
 .mdebug.abi32  0xa00003f4        0x0 build/default/production/_ext/340578644/sys_devcon_pic32mx.o
 .mdebug.abi32  0xa00003f4        0x0 build/default/production/_ext/822048611/sys_ports_static.o
 .mdebug.abi32  0xa00003f4        0x0 build/default/production/_ext/1688732426/system_init.o
 .mdebug.abi32  0xa00003f4        0x0 build/default/production/_ext/1688732426/system_interrupt.o
 .mdebug.abi32  0xa00003f4        0x0 build/default/production/_ext/1688732426/system_exceptions.o
 .mdebug.abi32  0xa00003f4        0x0 build/default/production/_ext/1688732426/system_tasks.o
 .mdebug.abi32  0xa00003f4        0x0 build/default/production/_ext/1360937237/app.o
 .mdebug.abi32  0xa00003f4        0x0 build/default/production/_ext/1360937237/main.o
 .mdebug.abi32  0xa00003f4        0x0 build/default/production/_ext/1360937237/mouse.o
 .mdebug.abi32  0xa00003f4        0x0 build/default/production/_ext/495391950/drv_usbfs.o
 .mdebug.abi32  0xa00003f4        0x0 build/default/production/_ext/495391950/drv_usbfs_device.o
 .mdebug.abi32  0xa00003f4        0x0 build/default/production/_ext/74006194/sys_int_pic32.o
 .mdebug.abi32  0xa00003f4        0x0 build/default/production/_ext/2122677765/usb_device.o
 .mdebug.abi32  0xa00003f4        0x0 build/default/production/_ext/2122677765/usb_device_hid.o
 .mdebug.abi32  0xa00003f4        0x0 build/default/production/_ext/1360937237/I2C.o
 .mdebug.abi32  0xa00003f4        0x0 build/default/production/_ext/1360937237/IMU.o
 .mdebug.abi32  0xa00003f4        0x0 build/default/production/_ext/1360937237/ili9341.o
 .mdebug.abi32  0xa00003f4        0x0 c:/program files (x86)/microchip/xc32/v2.10/bin/bin/../../lib/gcc/pic32mx/4.8.3/../../../../pic32mx/lib\libpic32.a(default-bootstrap-exception-handler.o)
 .mdebug.abi32  0xa00003f4        0x0 c:/program files (x86)/microchip/xc32/v2.10/bin/bin/../../lib/gcc/pic32mx/4.8.3/../../../../pic32mx/lib\libpic32.a(default-on-reset.o)
 .mdebug.abi32  0xa00003f4        0x0 c:/program files (x86)/microchip/xc32/v2.10/bin/bin/../../lib/gcc/pic32mx/4.8.3/../../../../pic32mx/lib\libpic32.a(default-on-bootstrap.o)
 .mdebug.abi32  0xa00003f4        0x0 c:/program files (x86)/microchip/xc32/v2.10/bin/bin/../../lib/gcc/pic32mx/4.8.3/../../../../pic32mx/lib\libpic32.a(defaultinterrupt.o)
 .mdebug.abi32  0xa00003f4        0x0 c:/program files (x86)/microchip/xc32/v2.10/bin/bin/../../lib/gcc/pic32mx/4.8.3/../../../../pic32mx/lib\libc.a(sprintf_cdnopuxX.eo)
 .mdebug.abi32  0xa00003f4        0x0 c:/program files (x86)/microchip/xc32/v2.10/bin/bin/../../lib/gcc/pic32mx/4.8.3/../../../../pic32mx/lib\libc.a(doprnt_cdnopuxX.eo)
 .mdebug.abi32  0xa00003f4        0x0 c:/program files (x86)/microchip/xc32/v2.10/bin/bin/../../lib/gcc/pic32mx/4.8.3/../../../../pic32mx/lib\libc.a(_fputc_simple.o)
 .mdebug.abi32  0xa00003f4        0x0 c:/program files (x86)/microchip/xc32/v2.10/bin/bin/../../lib/gcc/pic32mx/4.8.3/../../../../pic32mx/lib\libc.a(ctype.o)
 .mdebug.abi32  0xa00003f4        0x0 c:/program files (x86)/microchip/xc32/v2.10/bin/bin/../../lib/gcc/pic32mx/4.8.3/../../../../pic32mx/lib\libc.a(_iob.o)
 .mdebug.abi32  0xa00003f4        0x0 c:/program files (x86)/microchip/xc32/v2.10/bin/bin/../../lib/gcc/pic32mx/4.8.3/../../../../pic32mx/lib\libc.a(_flsbuf_simple.o)
 .mdebug.abi32  0xa00003f4        0x0 c:/program files (x86)/microchip/xc32/v2.10/bin/bin/../../lib/gcc/pic32mx/4.8.3\libgcc.a(_udivdi3.o)
 .mdebug.abi32  0xa00003f4        0x0 c:/program files (x86)/microchip/xc32/v2.10/bin/bin/../../lib/gcc/pic32mx/4.8.3\libgcc.a(_umoddi3.o)
 .mdebug.abi32  0xa00003f4        0x0 c:/program files (x86)/microchip/xc32/v2.10/bin/bin/../../lib/gcc/pic32mx/4.8.3/../../../../pic32mx/lib\libpic32.a(write.o)
 .mdebug.abi32  0xa00003f4        0x0 c:/program files (x86)/microchip/xc32/v2.10/bin/bin/../../lib/gcc/pic32mx/4.8.3/../../../../pic32mx/lib\libpic32.a(_mon_putc.o)
 .mdebug.abi32  0xa00003f4        0x0 c:/program files (x86)/microchip/xc32/v2.10/bin/bin/../../lib/gcc/pic32mx/4.8.3/../../../../pic32mx/lib\libpic32.a(xc32_uart.o)

.mdebug.abiN32
 *(.mdebug.abiN32)

.mdebug.abi64
 *(.mdebug.abi64)

.mdebug.abiO64
 *(.mdebug.abiO64)

.mdebug.eabi32
 *(.mdebug.eabi32)

.mdebug.eabi64
 *(.mdebug.eabi64)

.gcc_compiled_long32
 *(.gcc_compiled_long32)

.gcc_compiled_long64
 *(.gcc_compiled_long64)

.stab
 *(.stab)

.stabstr
 *(.stabstr)

.stab.excl
 *(.stab.excl)

.stab.exclstr
 *(.stab.exclstr)

.stab.index
 *(.stab.index)

.stab.indexstr
 *(.stab.indexstr)

.comment        0x00000000       0xa2
 *(.comment)
 .comment       0x00000000       0x3c build/default/production/_ext/639803181/sys_clk_pic32mx.o
                                 0x3d (size before relaxing)
 .comment       0x00000000       0x3d build/default/production/_ext/340578644/sys_devcon.o
 .comment       0x00000000       0x3d build/default/production/_ext/340578644/sys_devcon_pic32mx.o
 .comment       0x00000000       0x3d build/default/production/_ext/822048611/sys_ports_static.o
 .comment       0x00000000       0x3d build/default/production/_ext/1688732426/system_init.o
 .comment       0x00000000       0x3d build/default/production/_ext/1688732426/system_interrupt.o
 .comment       0x00000000       0x3d build/default/production/_ext/1688732426/system_exceptions.o
 .comment       0x00000000       0x3d build/default/production/_ext/1688732426/system_tasks.o
 .comment       0x00000000       0x3d build/default/production/_ext/1360937237/app.o
 .comment       0x00000000       0x3d build/default/production/_ext/1360937237/main.o
 .comment       0x00000000       0x3d build/default/production/_ext/1360937237/mouse.o
 .comment       0x00000000       0x3d build/default/production/_ext/495391950/drv_usbfs.o
 .comment       0x00000000       0x3d build/default/production/_ext/495391950/drv_usbfs_device.o
 .comment       0x00000000       0x3d build/default/production/_ext/74006194/sys_int_pic32.o
 .comment       0x00000000       0x3d build/default/production/_ext/2122677765/usb_device.o
 .comment       0x00000000       0x3d build/default/production/_ext/2122677765/usb_device_hid.o
 .comment       0x00000000       0x3d build/default/production/_ext/1360937237/I2C.o
 .comment       0x00000000       0x3d build/default/production/_ext/1360937237/IMU.o
 .comment       0x00000000       0x3d build/default/production/_ext/1360937237/ili9341.o
 .comment       0x0000003c       0x18 c:/program files (x86)/microchip/xc32/v2.10/bin/bin/../../lib/gcc/pic32mx/4.8.3/../../../../pic32mx/lib\libpic32.a(memcmp.o)
                                 0x19 (size before relaxing)
 .comment       0x00000000       0x3d c:/program files (x86)/microchip/xc32/v2.10/bin/bin/../../lib/gcc/pic32mx/4.8.3/../../../../pic32mx/lib\libpic32.a(default-bootstrap-exception-handler.o)
 .comment       0x00000000       0x3d c:/program files (x86)/microchip/xc32/v2.10/bin/bin/../../lib/gcc/pic32mx/4.8.3/../../../../pic32mx/lib\libpic32.a(default-on-reset.o)
 .comment       0x00000000       0x3d c:/program files (x86)/microchip/xc32/v2.10/bin/bin/../../lib/gcc/pic32mx/4.8.3/../../../../pic32mx/lib\libpic32.a(default-on-bootstrap.o)
 .comment       0x00000000       0x3d c:/program files (x86)/microchip/xc32/v2.10/bin/bin/../../lib/gcc/pic32mx/4.8.3/../../../../pic32mx/lib\libpic32.a(defaultinterrupt.o)
 .comment       0x00000000       0x3d c:/program files (x86)/microchip/xc32/v2.10/bin/bin/../../lib/gcc/pic32mx/4.8.3/../../../../pic32mx/lib\libc.a(sprintf_cdnopuxX.eo)
 .comment       0x00000000       0x3d c:/program files (x86)/microchip/xc32/v2.10/bin/bin/../../lib/gcc/pic32mx/4.8.3/../../../../pic32mx/lib\libc.a(doprnt_cdnopuxX.eo)
 .comment       0x00000000       0x3d c:/program files (x86)/microchip/xc32/v2.10/bin/bin/../../lib/gcc/pic32mx/4.8.3/../../../../pic32mx/lib\libc.a(_fputc_simple.o)
 .comment       0x00000054       0x4e c:/program files (x86)/microchip/xc32/v2.10/bin/bin/../../lib/gcc/pic32mx/4.8.3/../../../../pic32mx/lib\libc.a(ctype.o)
                                 0x8b (size before relaxing)
 .comment       0x00000000       0x3d c:/program files (x86)/microchip/xc32/v2.10/bin/bin/../../lib/gcc/pic32mx/4.8.3/../../../../pic32mx/lib\libc.a(_iob.o)
 .comment       0x00000000       0x3d c:/program files (x86)/microchip/xc32/v2.10/bin/bin/../../lib/gcc/pic32mx/4.8.3/../../../../pic32mx/lib\libc.a(_flsbuf_simple.o)
 .comment       0x00000000       0x3d c:/program files (x86)/microchip/xc32/v2.10/bin/bin/../../lib/gcc/pic32mx/4.8.3\libgcc.a(_udivdi3.o)
 .comment       0x00000000       0x3d c:/program files (x86)/microchip/xc32/v2.10/bin/bin/../../lib/gcc/pic32mx/4.8.3\libgcc.a(_umoddi3.o)
 .comment       0x00000000       0x3d c:/program files (x86)/microchip/xc32/v2.10/bin/bin/../../lib/gcc/pic32mx/4.8.3/../../../../pic32mx/lib\libpic32.a(write.o)
 .comment       0x00000000       0x3d c:/program files (x86)/microchip/xc32/v2.10/bin/bin/../../lib/gcc/pic32mx/4.8.3/../../../../pic32mx/lib\libpic32.a(_mon_putc.o)
 .comment       0x00000000       0x3d c:/program files (x86)/microchip/xc32/v2.10/bin/bin/../../lib/gcc/pic32mx/4.8.3/../../../../pic32mx/lib\libpic32.a(xc32_uart.o)

.debug
 *(.debug)

.line
 *(.line)

.debug_srcinfo
 *(.debug_srcinfo)

.debug_sfnames
 *(.debug_sfnames)

.debug_aranges  0x00000000      0x928
 *(.debug_aranges)
 .debug_aranges
                0x00000000       0x50 build/default/production/_ext/639803181/sys_clk_pic32mx.o
 .debug_aranges
                0x00000050       0x78 build/default/production/_ext/340578644/sys_devcon.o
 .debug_aranges
                0x000000c8       0x20 build/default/production/_ext/340578644/sys_devcon_pic32mx.o
 .debug_aranges
                0x000000e8      0x148 build/default/production/_ext/822048611/sys_ports_static.o
 .debug_aranges
                0x00000230       0x20 build/default/production/_ext/1688732426/system_init.o
 .debug_aranges
                0x00000250       0x20 build/default/production/_ext/1688732426/system_interrupt.o
 .debug_aranges
                0x00000270       0x20 build/default/production/_ext/1688732426/system_exceptions.o
 .debug_aranges
                0x00000290       0x20 build/default/production/_ext/1688732426/system_tasks.o
 .debug_aranges
                0x000002b0       0x38 build/default/production/_ext/1360937237/app.o
 .debug_aranges
                0x000002e8       0x20 build/default/production/_ext/1360937237/main.o
 .debug_aranges
                0x00000308       0x20 build/default/production/_ext/1360937237/mouse.o
 .debug_aranges
                0x00000328       0x60 build/default/production/_ext/495391950/drv_usbfs.o
 .debug_aranges
                0x00000388       0xc0 build/default/production/_ext/495391950/drv_usbfs_device.o
 .debug_aranges
                0x00000448       0x48 build/default/production/_ext/74006194/sys_int_pic32.o
 .debug_aranges
                0x00000490      0x1a0 build/default/production/_ext/2122677765/usb_device.o
 .debug_aranges
                0x00000630       0x68 build/default/production/_ext/2122677765/usb_device_hid.o
 .debug_aranges
                0x00000698       0x50 build/default/production/_ext/1360937237/I2C.o
 .debug_aranges
                0x000006e8       0x48 build/default/production/_ext/1360937237/IMU.o
 .debug_aranges
                0x00000730       0x78 build/default/production/_ext/1360937237/ili9341.o
 .debug_aranges
                0x000007a8       0x20 c:/program files (x86)/microchip/xc32/v2.10/bin/bin/../../lib/gcc/pic32mx/4.8.3/../../../../pic32mx/lib\libpic32.a(default-bootstrap-exception-handler.o)
 .debug_aranges
                0x000007c8       0x20 c:/program files (x86)/microchip/xc32/v2.10/bin/bin/../../lib/gcc/pic32mx/4.8.3/../../../../pic32mx/lib\libpic32.a(default-on-reset.o)
 .debug_aranges
                0x000007e8       0x20 c:/program files (x86)/microchip/xc32/v2.10/bin/bin/../../lib/gcc/pic32mx/4.8.3/../../../../pic32mx/lib\libpic32.a(default-on-bootstrap.o)
 .debug_aranges
                0x00000808       0x20 c:/program files (x86)/microchip/xc32/v2.10/bin/bin/../../lib/gcc/pic32mx/4.8.3/../../../../pic32mx/lib\libpic32.a(defaultinterrupt.o)
 .debug_aranges
                0x00000828       0x20 c:/program files (x86)/microchip/xc32/v2.10/bin/bin/../../lib/gcc/pic32mx/4.8.3/../../../../pic32mx/lib\libc.a(sprintf_cdnopuxX.eo)
 .debug_aranges
                0x00000848       0x20 c:/program files (x86)/microchip/xc32/v2.10/bin/bin/../../lib/gcc/pic32mx/4.8.3/../../../../pic32mx/lib\libc.a(doprnt_cdnopuxX.eo)
 .debug_aranges
                0x00000868       0x20 c:/program files (x86)/microchip/xc32/v2.10/bin/bin/../../lib/gcc/pic32mx/4.8.3/../../../../pic32mx/lib\libc.a(_fputc_simple.o)
 .debug_aranges
                0x00000888       0x20 c:/program files (x86)/microchip/xc32/v2.10/bin/bin/../../lib/gcc/pic32mx/4.8.3/../../../../pic32mx/lib\libc.a(_flsbuf_simple.o)
 .debug_aranges
                0x000008a8       0x20 c:/program files (x86)/microchip/xc32/v2.10/bin/bin/../../lib/gcc/pic32mx/4.8.3\libgcc.a(_udivdi3.o)
 .debug_aranges
                0x000008c8       0x20 c:/program files (x86)/microchip/xc32/v2.10/bin/bin/../../lib/gcc/pic32mx/4.8.3\libgcc.a(_umoddi3.o)
 .debug_aranges
                0x000008e8       0x20 c:/program files (x86)/microchip/xc32/v2.10/bin/bin/../../lib/gcc/pic32mx/4.8.3/../../../../pic32mx/lib\libpic32.a(write.o)
 .debug_aranges
                0x00000908       0x20 c:/program files (x86)/microchip/xc32/v2.10/bin/bin/../../lib/gcc/pic32mx/4.8.3/../../../../pic32mx/lib\libpic32.a(_mon_putc.o)

.debug_pubnames
 *(.debug_pubnames)

.debug_info     0x00000000    0x2b6bd
 *(.debug_info .gnu.linkonce.wi.*)
 .debug_info    0x00000000     0x18d8 build/default/production/_ext/639803181/sys_clk_pic32mx.o
 .debug_info    0x000018d8     0x165e build/default/production/_ext/340578644/sys_devcon.o
 .debug_info    0x00002f36     0x1080 build/default/production/_ext/340578644/sys_devcon_pic32mx.o
 .debug_info    0x00003fb6     0x37b8 build/default/production/_ext/822048611/sys_ports_static.o
 .debug_info    0x0000776e     0x45fd build/default/production/_ext/1688732426/system_init.o
 .debug_info    0x0000bd6b      0xc4f build/default/production/_ext/1688732426/system_interrupt.o
 .debug_info    0x0000c9ba      0xc15 build/default/production/_ext/1688732426/system_exceptions.o
 .debug_info    0x0000d5cf      0xc81 build/default/production/_ext/1688732426/system_tasks.o
 .debug_info    0x0000e250     0x2264 build/default/production/_ext/1360937237/app.o
 .debug_info    0x000104b4      0x1b9 build/default/production/_ext/1360937237/main.o
 .debug_info    0x0001066d      0x4b1 build/default/production/_ext/1360937237/mouse.o
 .debug_info    0x00010b1e     0x49b9 build/default/production/_ext/495391950/drv_usbfs.o
 .debug_info    0x000154d7     0x7fb9 build/default/production/_ext/495391950/drv_usbfs_device.o
 .debug_info    0x0001d490     0x1144 build/default/production/_ext/74006194/sys_int_pic32.o
 .debug_info    0x0001e5d4     0x5c92 build/default/production/_ext/2122677765/usb_device.o
 .debug_info    0x00024266     0x32f0 build/default/production/_ext/2122677765/usb_device_hid.o
 .debug_info    0x00027556      0x719 build/default/production/_ext/1360937237/I2C.o
 .debug_info    0x00027c6f      0x74b build/default/production/_ext/1360937237/IMU.o
 .debug_info    0x000283ba     0x1be7 build/default/production/_ext/1360937237/ili9341.o
 .debug_info    0x00029fa1       0xf2 c:/program files (x86)/microchip/xc32/v2.10/bin/bin/../../lib/gcc/pic32mx/4.8.3/../../../../pic32mx/lib\libpic32.a(default-bootstrap-exception-handler.o)
 .debug_info    0x0002a093       0xcb c:/program files (x86)/microchip/xc32/v2.10/bin/bin/../../lib/gcc/pic32mx/4.8.3/../../../../pic32mx/lib\libpic32.a(default-on-reset.o)
 .debug_info    0x0002a15e       0xd3 c:/program files (x86)/microchip/xc32/v2.10/bin/bin/../../lib/gcc/pic32mx/4.8.3/../../../../pic32mx/lib\libpic32.a(default-on-bootstrap.o)
 .debug_info    0x0002a231       0xe5 c:/program files (x86)/microchip/xc32/v2.10/bin/bin/../../lib/gcc/pic32mx/4.8.3/../../../../pic32mx/lib\libpic32.a(defaultinterrupt.o)
 .debug_info    0x0002a316       0xcf c:/program files (x86)/microchip/xc32/v2.10/bin/bin/../../lib/gcc/pic32mx/4.8.3/../../../../pic32mx/lib\libc.a(sprintf_cdnopuxX.eo)
 .debug_info    0x0002a3e5       0xd0 c:/program files (x86)/microchip/xc32/v2.10/bin/bin/../../lib/gcc/pic32mx/4.8.3/../../../../pic32mx/lib\libc.a(doprnt_cdnopuxX.eo)
 .debug_info    0x0002a4b5       0xc1 c:/program files (x86)/microchip/xc32/v2.10/bin/bin/../../lib/gcc/pic32mx/4.8.3/../../../../pic32mx/lib\libc.a(_fputc_simple.o)
 .debug_info    0x0002a576       0xc4 c:/program files (x86)/microchip/xc32/v2.10/bin/bin/../../lib/gcc/pic32mx/4.8.3/../../../../pic32mx/lib\libc.a(_flsbuf_simple.o)
 .debug_info    0x0002a63a      0x762 c:/program files (x86)/microchip/xc32/v2.10/bin/bin/../../lib/gcc/pic32mx/4.8.3\libgcc.a(_udivdi3.o)
 .debug_info    0x0002ad9c      0x79f c:/program files (x86)/microchip/xc32/v2.10/bin/bin/../../lib/gcc/pic32mx/4.8.3\libgcc.a(_umoddi3.o)
 .debug_info    0x0002b53b       0xbd c:/program files (x86)/microchip/xc32/v2.10/bin/bin/../../lib/gcc/pic32mx/4.8.3/../../../../pic32mx/lib\libpic32.a(write.o)
 .debug_info    0x0002b5f8       0xc5 c:/program files (x86)/microchip/xc32/v2.10/bin/bin/../../lib/gcc/pic32mx/4.8.3/../../../../pic32mx/lib\libpic32.a(_mon_putc.o)

.debug_abbrev   0x00000000     0x30d2
 *(.debug_abbrev)
 .debug_abbrev  0x00000000      0x27d build/default/production/_ext/639803181/sys_clk_pic32mx.o
 .debug_abbrev  0x0000027d      0x2a0 build/default/production/_ext/340578644/sys_devcon.o
 .debug_abbrev  0x0000051d      0x204 build/default/production/_ext/340578644/sys_devcon_pic32mx.o
 .debug_abbrev  0x00000721      0x29e build/default/production/_ext/822048611/sys_ports_static.o
 .debug_abbrev  0x000009bf      0x346 build/default/production/_ext/1688732426/system_init.o
 .debug_abbrev  0x00000d05      0x12d build/default/production/_ext/1688732426/system_interrupt.o
 .debug_abbrev  0x00000e32       0xf3 build/default/production/_ext/1688732426/system_exceptions.o
 .debug_abbrev  0x00000f25      0x140 build/default/production/_ext/1688732426/system_tasks.o
 .debug_abbrev  0x00001065      0x2a8 build/default/production/_ext/1360937237/app.o
 .debug_abbrev  0x0000130d       0x93 build/default/production/_ext/1360937237/main.o
 .debug_abbrev  0x000013a0      0x122 build/default/production/_ext/1360937237/mouse.o
 .debug_abbrev  0x000014c2      0x42b build/default/production/_ext/495391950/drv_usbfs.o
 .debug_abbrev  0x000018ed      0x4bc build/default/production/_ext/495391950/drv_usbfs_device.o
 .debug_abbrev  0x00001da9      0x237 build/default/production/_ext/74006194/sys_int_pic32.o
 .debug_abbrev  0x00001fe0      0x42f build/default/production/_ext/2122677765/usb_device.o
 .debug_abbrev  0x0000240f      0x40f build/default/production/_ext/2122677765/usb_device_hid.o
 .debug_abbrev  0x0000281e      0x107 build/default/production/_ext/1360937237/I2C.o
 .debug_abbrev  0x00002925      0x16b build/default/production/_ext/1360937237/IMU.o
 .debug_abbrev  0x00002a90      0x233 build/default/production/_ext/1360937237/ili9341.o
 .debug_abbrev  0x00002cc3       0x28 c:/program files (x86)/microchip/xc32/v2.10/bin/bin/../../lib/gcc/pic32mx/4.8.3/../../../../pic32mx/lib\libpic32.a(default-bootstrap-exception-handler.o)
 .debug_abbrev  0x00002ceb       0x28 c:/program files (x86)/microchip/xc32/v2.10/bin/bin/../../lib/gcc/pic32mx/4.8.3/../../../../pic32mx/lib\libpic32.a(default-on-reset.o)
 .debug_abbrev  0x00002d13       0x28 c:/program files (x86)/microchip/xc32/v2.10/bin/bin/../../lib/gcc/pic32mx/4.8.3/../../../../pic32mx/lib\libpic32.a(default-on-bootstrap.o)
 .debug_abbrev  0x00002d3b       0x28 c:/program files (x86)/microchip/xc32/v2.10/bin/bin/../../lib/gcc/pic32mx/4.8.3/../../../../pic32mx/lib\libpic32.a(defaultinterrupt.o)
 .debug_abbrev  0x00002d63       0x28 c:/program files (x86)/microchip/xc32/v2.10/bin/bin/../../lib/gcc/pic32mx/4.8.3/../../../../pic32mx/lib\libc.a(sprintf_cdnopuxX.eo)
 .debug_abbrev  0x00002d8b       0x28 c:/program files (x86)/microchip/xc32/v2.10/bin/bin/../../lib/gcc/pic32mx/4.8.3/../../../../pic32mx/lib\libc.a(doprnt_cdnopuxX.eo)
 .debug_abbrev  0x00002db3       0x28 c:/program files (x86)/microchip/xc32/v2.10/bin/bin/../../lib/gcc/pic32mx/4.8.3/../../../../pic32mx/lib\libc.a(_fputc_simple.o)
 .debug_abbrev  0x00002ddb       0x28 c:/program files (x86)/microchip/xc32/v2.10/bin/bin/../../lib/gcc/pic32mx/4.8.3/../../../../pic32mx/lib\libc.a(_flsbuf_simple.o)
 .debug_abbrev  0x00002e03      0x138 c:/program files (x86)/microchip/xc32/v2.10/bin/bin/../../lib/gcc/pic32mx/4.8.3\libgcc.a(_udivdi3.o)
 .debug_abbrev  0x00002f3b      0x147 c:/program files (x86)/microchip/xc32/v2.10/bin/bin/../../lib/gcc/pic32mx/4.8.3\libgcc.a(_umoddi3.o)
 .debug_abbrev  0x00003082       0x28 c:/program files (x86)/microchip/xc32/v2.10/bin/bin/../../lib/gcc/pic32mx/4.8.3/../../../../pic32mx/lib\libpic32.a(write.o)
 .debug_abbrev  0x000030aa       0x28 c:/program files (x86)/microchip/xc32/v2.10/bin/bin/../../lib/gcc/pic32mx/4.8.3/../../../../pic32mx/lib\libpic32.a(_mon_putc.o)

.debug_line     0x00000000     0x5d92
 *(.debug_line)
 .debug_line    0x00000000      0x4d1 build/default/production/_ext/639803181/sys_clk_pic32mx.o
 .debug_line    0x000004d1      0x61c build/default/production/_ext/340578644/sys_devcon.o
 .debug_line    0x00000aed      0x38c build/default/production/_ext/340578644/sys_devcon_pic32mx.o
 .debug_line    0x00000e79      0x7f6 build/default/production/_ext/822048611/sys_ports_static.o
 .debug_line    0x0000166f      0x666 build/default/production/_ext/1688732426/system_init.o
 .debug_line    0x00001cd5      0x257 build/default/production/_ext/1688732426/system_interrupt.o
 .debug_line    0x00001f2c      0x1b3 build/default/production/_ext/1688732426/system_exceptions.o
 .debug_line    0x000020df      0x293 build/default/production/_ext/1688732426/system_tasks.o
 .debug_line    0x00002372      0x36c build/default/production/_ext/1360937237/app.o
 .debug_line    0x000026de       0xcd build/default/production/_ext/1360937237/main.o
 .debug_line    0x000027ab      0x140 build/default/production/_ext/1360937237/mouse.o
 .debug_line    0x000028eb      0x73f build/default/production/_ext/495391950/drv_usbfs.o
 .debug_line    0x0000302a      0xd9e build/default/production/_ext/495391950/drv_usbfs_device.o
 .debug_line    0x00003dc8      0x2d1 build/default/production/_ext/74006194/sys_int_pic32.o
 .debug_line    0x00004099      0x9db build/default/production/_ext/2122677765/usb_device.o
 .debug_line    0x00004a74      0x58a build/default/production/_ext/2122677765/usb_device_hid.o
 .debug_line    0x00004ffe      0x1a7 build/default/production/_ext/1360937237/I2C.o
 .debug_line    0x000051a5      0x127 build/default/production/_ext/1360937237/IMU.o
 .debug_line    0x000052cc      0x34f build/default/production/_ext/1360937237/ili9341.o
 .debug_line    0x0000561b       0xa4 c:/program files (x86)/microchip/xc32/v2.10/bin/bin/../../lib/gcc/pic32mx/4.8.3/../../../../pic32mx/lib\libpic32.a(default-bootstrap-exception-handler.o)
 .debug_line    0x000056bf       0x91 c:/program files (x86)/microchip/xc32/v2.10/bin/bin/../../lib/gcc/pic32mx/4.8.3/../../../../pic32mx/lib\libpic32.a(default-on-reset.o)
 .debug_line    0x00005750       0x95 c:/program files (x86)/microchip/xc32/v2.10/bin/bin/../../lib/gcc/pic32mx/4.8.3/../../../../pic32mx/lib\libpic32.a(default-on-bootstrap.o)
 .debug_line    0x000057e5       0xa3 c:/program files (x86)/microchip/xc32/v2.10/bin/bin/../../lib/gcc/pic32mx/4.8.3/../../../../pic32mx/lib\libpic32.a(defaultinterrupt.o)
 .debug_line    0x00005888       0x7e c:/program files (x86)/microchip/xc32/v2.10/bin/bin/../../lib/gcc/pic32mx/4.8.3/../../../../pic32mx/lib\libc.a(sprintf_cdnopuxX.eo)
 .debug_line    0x00005906       0x7d c:/program files (x86)/microchip/xc32/v2.10/bin/bin/../../lib/gcc/pic32mx/4.8.3/../../../../pic32mx/lib\libc.a(doprnt_cdnopuxX.eo)
 .debug_line    0x00005983       0x7c c:/program files (x86)/microchip/xc32/v2.10/bin/bin/../../lib/gcc/pic32mx/4.8.3/../../../../pic32mx/lib\libc.a(_fputc_simple.o)
 .debug_line    0x000059ff        0x0 c:/program files (x86)/microchip/xc32/v2.10/bin/bin/../../lib/gcc/pic32mx/4.8.3/../../../../pic32mx/lib\libc.a(ctype.o)
 .debug_line    0x000059ff        0x0 c:/program files (x86)/microchip/xc32/v2.10/bin/bin/../../lib/gcc/pic32mx/4.8.3/../../../../pic32mx/lib\libc.a(_iob.o)
 .debug_line    0x000059ff       0x7d c:/program files (x86)/microchip/xc32/v2.10/bin/bin/../../lib/gcc/pic32mx/4.8.3/../../../../pic32mx/lib\libc.a(_flsbuf_simple.o)
 .debug_line    0x00005a7c       0xfa c:/program files (x86)/microchip/xc32/v2.10/bin/bin/../../lib/gcc/pic32mx/4.8.3\libgcc.a(_udivdi3.o)
 .debug_line    0x00005b76      0x10c c:/program files (x86)/microchip/xc32/v2.10/bin/bin/../../lib/gcc/pic32mx/4.8.3\libgcc.a(_umoddi3.o)
 .debug_line    0x00005c82       0x86 c:/program files (x86)/microchip/xc32/v2.10/bin/bin/../../lib/gcc/pic32mx/4.8.3/../../../../pic32mx/lib\libpic32.a(write.o)
 .debug_line    0x00005d08       0x8a c:/program files (x86)/microchip/xc32/v2.10/bin/bin/../../lib/gcc/pic32mx/4.8.3/../../../../pic32mx/lib\libpic32.a(_mon_putc.o)
 .debug_line    0x00005d92        0x0 c:/program files (x86)/microchip/xc32/v2.10/bin/bin/../../lib/gcc/pic32mx/4.8.3/../../../../pic32mx/lib\libpic32.a(xc32_uart.o)

.debug_frame    0x00000000     0x1350
 *(.debug_frame)
 .debug_frame   0x00000000       0xa0 build/default/production/_ext/639803181/sys_clk_pic32mx.o
 .debug_frame   0x000000a0       0xe8 build/default/production/_ext/340578644/sys_devcon.o
 .debug_frame   0x00000188       0x28 build/default/production/_ext/340578644/sys_devcon_pic32mx.o
 .debug_frame   0x000001b0      0x270 build/default/production/_ext/822048611/sys_ports_static.o
 .debug_frame   0x00000420       0x28 build/default/production/_ext/1688732426/system_init.o
 .debug_frame   0x00000448       0x64 build/default/production/_ext/1688732426/system_interrupt.o
 .debug_frame   0x000004ac       0x28 build/default/production/_ext/1688732426/system_exceptions.o
 .debug_frame   0x000004d4       0x28 build/default/production/_ext/1688732426/system_tasks.o
 .debug_frame   0x000004fc       0x80 build/default/production/_ext/1360937237/app.o
 .debug_frame   0x0000057c       0x28 build/default/production/_ext/1360937237/main.o
 .debug_frame   0x000005a4       0x20 build/default/production/_ext/1360937237/mouse.o
 .debug_frame   0x000005c4       0xc8 build/default/production/_ext/495391950/drv_usbfs.o
 .debug_frame   0x0000068c      0x1e0 build/default/production/_ext/495391950/drv_usbfs_device.o
 .debug_frame   0x0000086c       0x90 build/default/production/_ext/74006194/sys_int_pic32.o
 .debug_frame   0x000008fc      0x4d8 build/default/production/_ext/2122677765/usb_device.o
 .debug_frame   0x00000dd4      0x100 build/default/production/_ext/2122677765/usb_device_hid.o
 .debug_frame   0x00000ed4       0x80 build/default/production/_ext/1360937237/I2C.o
 .debug_frame   0x00000f54       0xc0 build/default/production/_ext/1360937237/IMU.o
 .debug_frame   0x00001014      0x15c build/default/production/_ext/1360937237/ili9341.o
 .debug_frame   0x00001170       0x2c c:/program files (x86)/microchip/xc32/v2.10/bin/bin/../../lib/gcc/pic32mx/4.8.3/../../../../pic32mx/lib\libpic32.a(default-bootstrap-exception-handler.o)
 .debug_frame   0x0000119c       0x20 c:/program files (x86)/microchip/xc32/v2.10/bin/bin/../../lib/gcc/pic32mx/4.8.3/../../../../pic32mx/lib\libpic32.a(default-on-reset.o)
 .debug_frame   0x000011bc       0x20 c:/program files (x86)/microchip/xc32/v2.10/bin/bin/../../lib/gcc/pic32mx/4.8.3/../../../../pic32mx/lib\libpic32.a(default-on-bootstrap.o)
 .debug_frame   0x000011dc       0x20 c:/program files (x86)/microchip/xc32/v2.10/bin/bin/../../lib/gcc/pic32mx/4.8.3/../../../../pic32mx/lib\libpic32.a(defaultinterrupt.o)
 .debug_frame   0x000011fc       0x28 c:/program files (x86)/microchip/xc32/v2.10/bin/bin/../../lib/gcc/pic32mx/4.8.3/../../../../pic32mx/lib\libc.a(sprintf_cdnopuxX.eo)
 .debug_frame   0x00001224       0x38 c:/program files (x86)/microchip/xc32/v2.10/bin/bin/../../lib/gcc/pic32mx/4.8.3/../../../../pic32mx/lib\libc.a(doprnt_cdnopuxX.eo)
 .debug_frame   0x0000125c       0x2c c:/program files (x86)/microchip/xc32/v2.10/bin/bin/../../lib/gcc/pic32mx/4.8.3/../../../../pic32mx/lib\libc.a(_fputc_simple.o)
 .debug_frame   0x00001288       0x28 c:/program files (x86)/microchip/xc32/v2.10/bin/bin/../../lib/gcc/pic32mx/4.8.3/../../../../pic32mx/lib\libc.a(_flsbuf_simple.o)
 .debug_frame   0x000012b0       0x20 c:/program files (x86)/microchip/xc32/v2.10/bin/bin/../../lib/gcc/pic32mx/4.8.3\libgcc.a(_udivdi3.o)
 .debug_frame   0x000012d0       0x20 c:/program files (x86)/microchip/xc32/v2.10/bin/bin/../../lib/gcc/pic32mx/4.8.3\libgcc.a(_umoddi3.o)
 .debug_frame   0x000012f0       0x38 c:/program files (x86)/microchip/xc32/v2.10/bin/bin/../../lib/gcc/pic32mx/4.8.3/../../../../pic32mx/lib\libpic32.a(write.o)
 .debug_frame   0x00001328       0x28 c:/program files (x86)/microchip/xc32/v2.10/bin/bin/../../lib/gcc/pic32mx/4.8.3/../../../../pic32mx/lib\libpic32.a(_mon_putc.o)

.debug_str      0x00000000      0x898
 *(.debug_str)
 .debug_str     0x00000000       0x46 build/default/production/_ext/639803181/sys_clk_pic32mx.o
 .debug_str     0x00000046       0x16 build/default/production/_ext/340578644/sys_devcon.o
 .debug_str     0x0000005c        0x6 build/default/production/_ext/340578644/sys_devcon_pic32mx.o
 .debug_str     0x00000062       0x98 build/default/production/_ext/822048611/sys_ports_static.o
 .debug_str     0x000000fa      0x119 build/default/production/_ext/1688732426/system_init.o
 .debug_str     0x00000213        0x0 build/default/production/_ext/1688732426/system_interrupt.o
 .debug_str     0x00000213        0x0 build/default/production/_ext/1688732426/system_exceptions.o
 .debug_str     0x00000213        0x0 build/default/production/_ext/1688732426/system_tasks.o
 .debug_str     0x00000213       0x70 build/default/production/_ext/1360937237/app.o
 .debug_str     0x00000283        0x0 build/default/production/_ext/1360937237/main.o
 .debug_str     0x00000283        0x0 build/default/production/_ext/1360937237/mouse.o
 .debug_str     0x00000283       0xa2 build/default/production/_ext/495391950/drv_usbfs.o
 .debug_str     0x00000325      0x173 build/default/production/_ext/495391950/drv_usbfs_device.o
 .debug_str     0x00000498       0x1d build/default/production/_ext/74006194/sys_int_pic32.o
 .debug_str     0x000004b5      0x2d7 build/default/production/_ext/2122677765/usb_device.o
 .debug_str     0x0000078c       0xc7 build/default/production/_ext/2122677765/usb_device_hid.o
 .debug_str     0x00000853        0x0 build/default/production/_ext/1360937237/I2C.o
 .debug_str     0x00000853       0x32 build/default/production/_ext/1360937237/IMU.o
 .debug_str     0x00000885       0x13 build/default/production/_ext/1360937237/ili9341.o
 .debug_str     0x00000898        0x0 c:/program files (x86)/microchip/xc32/v2.10/bin/bin/../../lib/gcc/pic32mx/4.8.3/../../../../pic32mx/lib\libpic32.a(default-bootstrap-exception-handler.o)
 .debug_str     0x00000898        0x0 c:/program files (x86)/microchip/xc32/v2.10/bin/bin/../../lib/gcc/pic32mx/4.8.3/../../../../pic32mx/lib\libpic32.a(default-on-reset.o)
 .debug_str     0x00000898        0x0 c:/program files (x86)/microchip/xc32/v2.10/bin/bin/../../lib/gcc/pic32mx/4.8.3/../../../../pic32mx/lib\libpic32.a(default-on-bootstrap.o)
 .debug_str     0x00000898        0x0 c:/program files (x86)/microchip/xc32/v2.10/bin/bin/../../lib/gcc/pic32mx/4.8.3/../../../../pic32mx/lib\libpic32.a(defaultinterrupt.o)
 .debug_str     0x00000898        0x0 c:/program files (x86)/microchip/xc32/v2.10/bin/bin/../../lib/gcc/pic32mx/4.8.3/../../../../pic32mx/lib\libc.a(sprintf_cdnopuxX.eo)
 .debug_str     0x00000898        0x0 c:/program files (x86)/microchip/xc32/v2.10/bin/bin/../../lib/gcc/pic32mx/4.8.3/../../../../pic32mx/lib\libc.a(doprnt_cdnopuxX.eo)
 .debug_str     0x00000898        0x0 c:/program files (x86)/microchip/xc32/v2.10/bin/bin/../../lib/gcc/pic32mx/4.8.3/../../../../pic32mx/lib\libc.a(_fputc_simple.o)
 .debug_str     0x00000898        0x0 c:/program files (x86)/microchip/xc32/v2.10/bin/bin/../../lib/gcc/pic32mx/4.8.3/../../../../pic32mx/lib\libc.a(ctype.o)
 .debug_str     0x00000898        0x0 c:/program files (x86)/microchip/xc32/v2.10/bin/bin/../../lib/gcc/pic32mx/4.8.3/../../../../pic32mx/lib\libc.a(_iob.o)
 .debug_str     0x00000898        0x0 c:/program files (x86)/microchip/xc32/v2.10/bin/bin/../../lib/gcc/pic32mx/4.8.3/../../../../pic32mx/lib\libc.a(_flsbuf_simple.o)
 .debug_str     0x00000898        0x0 c:/program files (x86)/microchip/xc32/v2.10/bin/bin/../../lib/gcc/pic32mx/4.8.3\libgcc.a(_udivdi3.o)
 .debug_str     0x00000898        0x0 c:/program files (x86)/microchip/xc32/v2.10/bin/bin/../../lib/gcc/pic32mx/4.8.3\libgcc.a(_umoddi3.o)
 .debug_str     0x00000898        0x0 c:/program files (x86)/microchip/xc32/v2.10/bin/bin/../../lib/gcc/pic32mx/4.8.3/../../../../pic32mx/lib\libpic32.a(write.o)
 .debug_str     0x00000898        0x0 c:/program files (x86)/microchip/xc32/v2.10/bin/bin/../../lib/gcc/pic32mx/4.8.3/../../../../pic32mx/lib\libpic32.a(_mon_putc.o)
 .debug_str     0x00000898        0x0 c:/program files (x86)/microchip/xc32/v2.10/bin/bin/../../lib/gcc/pic32mx/4.8.3/../../../../pic32mx/lib\libpic32.a(xc32_uart.o)

.debug_loc      0x00000000     0x8158
 *(.debug_loc)
 .debug_loc     0x00000000       0x49 build/default/production/_ext/639803181/sys_clk_pic32mx.o
 .debug_loc     0x00000049       0xf0 build/default/production/_ext/340578644/sys_devcon.o
 .debug_loc     0x00000139       0x91 build/default/production/_ext/340578644/sys_devcon_pic32mx.o
 .debug_loc     0x000001ca      0x7ca build/default/production/_ext/822048611/sys_ports_static.o
 .debug_loc     0x00000994       0x21 build/default/production/_ext/1688732426/system_init.o
 .debug_loc     0x000009b5      0x2a0 build/default/production/_ext/1360937237/app.o
 .debug_loc     0x00000c55       0x2c build/default/production/_ext/1360937237/mouse.o
 .debug_loc     0x00000c81      0x4d6 build/default/production/_ext/495391950/drv_usbfs.o
 .debug_loc     0x00001157     0x22ed build/default/production/_ext/495391950/drv_usbfs_device.o
 .debug_loc     0x00003444       0x7c build/default/production/_ext/74006194/sys_int_pic32.o
 .debug_loc     0x000034c0     0x1f0b build/default/production/_ext/2122677765/usb_device.o
 .debug_loc     0x000053cb      0xd4c build/default/production/_ext/2122677765/usb_device_hid.o
 .debug_loc     0x00006117       0x21 build/default/production/_ext/1360937237/I2C.o
 .debug_loc     0x00006138      0x379 build/default/production/_ext/1360937237/IMU.o
 .debug_loc     0x000064b1      0x77c build/default/production/_ext/1360937237/ili9341.o
 .debug_loc     0x00006c2d       0x2c c:/program files (x86)/microchip/xc32/v2.10/bin/bin/../../lib/gcc/pic32mx/4.8.3/../../../../pic32mx/lib\libpic32.a(default-bootstrap-exception-handler.o)
 .debug_loc     0x00006c59      0xa6a c:/program files (x86)/microchip/xc32/v2.10/bin/bin/../../lib/gcc/pic32mx/4.8.3\libgcc.a(_udivdi3.o)
 .debug_loc     0x000076c3      0xa3d c:/program files (x86)/microchip/xc32/v2.10/bin/bin/../../lib/gcc/pic32mx/4.8.3\libgcc.a(_umoddi3.o)
 .debug_loc     0x00008100       0x38 c:/program files (x86)/microchip/xc32/v2.10/bin/bin/../../lib/gcc/pic32mx/4.8.3/../../../../pic32mx/lib\libpic32.a(write.o)
 .debug_loc     0x00008138       0x20 c:/program files (x86)/microchip/xc32/v2.10/bin/bin/../../lib/gcc/pic32mx/4.8.3/../../../../pic32mx/lib\libpic32.a(_mon_putc.o)

.debug_macinfo
 *(.debug_macinfo)

.debug_weaknames
 *(.debug_weaknames)

.debug_funcnames
 *(.debug_funcnames)

.debug_typenames
 *(.debug_typenames)

.debug_varnames
 *(.debug_varnames)

.debug_pubtypes
 *(.debug_pubtypes)

.debug_ranges   0x00000000      0x960
 *(.debug_ranges)
 .debug_ranges  0x00000000       0x40 build/default/production/_ext/639803181/sys_clk_pic32mx.o
 .debug_ranges  0x00000040       0x68 build/default/production/_ext/340578644/sys_devcon.o
 .debug_ranges  0x000000a8       0x10 build/default/production/_ext/340578644/sys_devcon_pic32mx.o
 .debug_ranges  0x000000b8      0x138 build/default/production/_ext/822048611/sys_ports_static.o
 .debug_ranges  0x000001f0       0x10 build/default/production/_ext/1688732426/system_init.o
 .debug_ranges  0x00000200       0x10 build/default/production/_ext/1688732426/system_interrupt.o
 .debug_ranges  0x00000210       0x10 build/default/production/_ext/1688732426/system_exceptions.o
 .debug_ranges  0x00000220       0x10 build/default/production/_ext/1688732426/system_tasks.o
 .debug_ranges  0x00000230       0x28 build/default/production/_ext/1360937237/app.o
 .debug_ranges  0x00000258       0x10 build/default/production/_ext/1360937237/main.o
 .debug_ranges  0x00000268       0x10 build/default/production/_ext/1360937237/mouse.o
 .debug_ranges  0x00000278       0x50 build/default/production/_ext/495391950/drv_usbfs.o
 .debug_ranges  0x000002c8      0x140 build/default/production/_ext/495391950/drv_usbfs_device.o
 .debug_ranges  0x00000408       0x50 build/default/production/_ext/74006194/sys_int_pic32.o
 .debug_ranges  0x00000458      0x190 build/default/production/_ext/2122677765/usb_device.o
 .debug_ranges  0x000005e8       0x58 build/default/production/_ext/2122677765/usb_device_hid.o
 .debug_ranges  0x00000640       0x40 build/default/production/_ext/1360937237/I2C.o
 .debug_ranges  0x00000680       0x68 build/default/production/_ext/1360937237/IMU.o
 .debug_ranges  0x000006e8       0x68 build/default/production/_ext/1360937237/ili9341.o
 .debug_ranges  0x00000750       0x10 c:/program files (x86)/microchip/xc32/v2.10/bin/bin/../../lib/gcc/pic32mx/4.8.3/../../../../pic32mx/lib\libpic32.a(default-bootstrap-exception-handler.o)
 .debug_ranges  0x00000760       0x10 c:/program files (x86)/microchip/xc32/v2.10/bin/bin/../../lib/gcc/pic32mx/4.8.3/../../../../pic32mx/lib\libpic32.a(default-on-reset.o)
 .debug_ranges  0x00000770       0x10 c:/program files (x86)/microchip/xc32/v2.10/bin/bin/../../lib/gcc/pic32mx/4.8.3/../../../../pic32mx/lib\libpic32.a(default-on-bootstrap.o)
 .debug_ranges  0x00000780       0x10 c:/program files (x86)/microchip/xc32/v2.10/bin/bin/../../lib/gcc/pic32mx/4.8.3/../../../../pic32mx/lib\libpic32.a(defaultinterrupt.o)
 .debug_ranges  0x00000790       0x10 c:/program files (x86)/microchip/xc32/v2.10/bin/bin/../../lib/gcc/pic32mx/4.8.3/../../../../pic32mx/lib\libc.a(sprintf_cdnopuxX.eo)
 .debug_ranges  0x000007a0       0x10 c:/program files (x86)/microchip/xc32/v2.10/bin/bin/../../lib/gcc/pic32mx/4.8.3/../../../../pic32mx/lib\libc.a(doprnt_cdnopuxX.eo)
 .debug_ranges  0x000007b0       0x10 c:/program files (x86)/microchip/xc32/v2.10/bin/bin/../../lib/gcc/pic32mx/4.8.3/../../../../pic32mx/lib\libc.a(_fputc_simple.o)
 .debug_ranges  0x000007c0       0x10 c:/program files (x86)/microchip/xc32/v2.10/bin/bin/../../lib/gcc/pic32mx/4.8.3/../../../../pic32mx/lib\libc.a(_flsbuf_simple.o)
 .debug_ranges  0x000007d0       0x98 c:/program files (x86)/microchip/xc32/v2.10/bin/bin/../../lib/gcc/pic32mx/4.8.3\libgcc.a(_udivdi3.o)
 .debug_ranges  0x00000868       0xd8 c:/program files (x86)/microchip/xc32/v2.10/bin/bin/../../lib/gcc/pic32mx/4.8.3\libgcc.a(_umoddi3.o)
 .debug_ranges  0x00000940       0x10 c:/program files (x86)/microchip/xc32/v2.10/bin/bin/../../lib/gcc/pic32mx/4.8.3/../../../../pic32mx/lib\libpic32.a(write.o)
 .debug_ranges  0x00000950       0x10 c:/program files (x86)/microchip/xc32/v2.10/bin/bin/../../lib/gcc/pic32mx/4.8.3/../../../../pic32mx/lib\libpic32.a(_mon_putc.o)

.gnu.attributes
                0x00000000       0x10
 *(.gnu.attributes)
 .gnu.attributes
                0x00000000       0x10 build/default/production/_ext/639803181/sys_clk_pic32mx.o
 .gnu.attributes
                0x00000010       0x10 build/default/production/_ext/340578644/sys_devcon.o
 .gnu.attributes
                0x00000020       0x10 build/default/production/_ext/340578644/sys_devcon_pic32mx.o
 .gnu.attributes
                0x00000030       0x10 build/default/production/_ext/822048611/sys_ports_static.o
 .gnu.attributes
                0x00000040       0x10 build/default/production/_ext/1688732426/system_init.o
 .gnu.attributes
                0x00000050       0x10 build/default/production/_ext/1688732426/system_interrupt.o
 .gnu.attributes
                0x00000060       0x10 build/default/production/_ext/1688732426/system_exceptions.o
 .gnu.attributes
                0x00000070       0x10 build/default/production/_ext/1688732426/system_tasks.o
 .gnu.attributes
                0x00000080       0x10 build/default/production/_ext/1360937237/app.o
 .gnu.attributes
                0x00000090       0x10 build/default/production/_ext/1360937237/main.o
 .gnu.attributes
                0x000000a0       0x10 build/default/production/_ext/1360937237/mouse.o
 .gnu.attributes
                0x000000b0       0x10 build/default/production/_ext/495391950/drv_usbfs.o
 .gnu.attributes
                0x000000c0       0x10 build/default/production/_ext/495391950/drv_usbfs_device.o
 .gnu.attributes
                0x000000d0       0x10 build/default/production/_ext/74006194/sys_int_pic32.o
 .gnu.attributes
                0x000000e0       0x10 build/default/production/_ext/2122677765/usb_device.o
 .gnu.attributes
                0x000000f0       0x10 build/default/production/_ext/2122677765/usb_device_hid.o
 .gnu.attributes
                0x00000100       0x10 build/default/production/_ext/1360937237/I2C.o
 .gnu.attributes
                0x00000110       0x10 build/default/production/_ext/1360937237/IMU.o
 .gnu.attributes
                0x00000120       0x10 build/default/production/_ext/1360937237/ili9341.o
 .gnu.attributes
                0x00000130       0x10 c:/program files (x86)/microchip/xc32/v2.10/bin/bin/../../lib/gcc/pic32mx/4.8.3/../../../../pic32mx/lib\libpic32.a(default-bootstrap-exception-handler.o)
 .gnu.attributes
                0x00000140       0x10 c:/program files (x86)/microchip/xc32/v2.10/bin/bin/../../lib/gcc/pic32mx/4.8.3/../../../../pic32mx/lib\libpic32.a(default-on-reset.o)
 .gnu.attributes
                0x00000150       0x10 c:/program files (x86)/microchip/xc32/v2.10/bin/bin/../../lib/gcc/pic32mx/4.8.3/../../../../pic32mx/lib\libpic32.a(default-on-bootstrap.o)
 .gnu.attributes
                0x00000160       0x10 c:/program files (x86)/microchip/xc32/v2.10/bin/bin/../../lib/gcc/pic32mx/4.8.3/../../../../pic32mx/lib\libpic32.a(defaultinterrupt.o)
 .gnu.attributes
                0x00000170       0x10 c:/program files (x86)/microchip/xc32/v2.10/bin/bin/../../lib/gcc/pic32mx/4.8.3/../../../../pic32mx/lib\libc.a(sprintf_cdnopuxX.eo)
 .gnu.attributes
                0x00000180       0x10 c:/program files (x86)/microchip/xc32/v2.10/bin/bin/../../lib/gcc/pic32mx/4.8.3/../../../../pic32mx/lib\libc.a(doprnt_cdnopuxX.eo)
 .gnu.attributes
                0x00000190       0x10 c:/program files (x86)/microchip/xc32/v2.10/bin/bin/../../lib/gcc/pic32mx/4.8.3/../../../../pic32mx/lib\libc.a(_fputc_simple.o)
 .gnu.attributes
                0x000001a0       0x10 c:/program files (x86)/microchip/xc32/v2.10/bin/bin/../../lib/gcc/pic32mx/4.8.3/../../../../pic32mx/lib\libc.a(ctype.o)
 .gnu.attributes
                0x000001b0       0x10 c:/program files (x86)/microchip/xc32/v2.10/bin/bin/../../lib/gcc/pic32mx/4.8.3/../../../../pic32mx/lib\libc.a(_iob.o)
 .gnu.attributes
                0x000001c0       0x10 c:/program files (x86)/microchip/xc32/v2.10/bin/bin/../../lib/gcc/pic32mx/4.8.3/../../../../pic32mx/lib\libc.a(_flsbuf_simple.o)
 .gnu.attributes
                0x000001d0       0x10 c:/program files (x86)/microchip/xc32/v2.10/bin/bin/../../lib/gcc/pic32mx/4.8.3\libgcc.a(_udivdi3.o)
 .gnu.attributes
                0x000001e0       0x10 c:/program files (x86)/microchip/xc32/v2.10/bin/bin/../../lib/gcc/pic32mx/4.8.3\libgcc.a(_umoddi3.o)
 .gnu.attributes
                0x000001f0       0x10 c:/program files (x86)/microchip/xc32/v2.10/bin/bin/../../lib/gcc/pic32mx/4.8.3/../../../../pic32mx/lib\libpic32.a(write.o)
 .gnu.attributes
                0x00000200       0x10 c:/program files (x86)/microchip/xc32/v2.10/bin/bin/../../lib/gcc/pic32mx/4.8.3/../../../../pic32mx/lib\libpic32.a(_mon_putc.o)
 .gnu.attributes
                0x00000210       0x10 c:/program files (x86)/microchip/xc32/v2.10/bin/bin/../../lib/gcc/pic32mx/4.8.3/../../../../pic32mx/lib\libpic32.a(xc32_uart.o)
LOAD c:/program files (x86)/microchip/xc32/v2.10/bin/bin/../../lib/gcc/pic32mx/4.8.3\libgcc.a
START GROUP
LOAD c:/program files (x86)/microchip/xc32/v2.10/bin/bin/../../lib/gcc/pic32mx/4.8.3/../../../../pic32mx/lib\libpic32.a
LOAD c:/program files (x86)/microchip/xc32/v2.10/bin/bin/../../lib/gcc/pic32mx/4.8.3/../../../../pic32mx/lib\libdebug.a
LOAD c:/program files (x86)/microchip/xc32/v2.10/bin/bin/../../lib/gcc/pic32mx/4.8.3/../../../../pic32mx/lib\libpic32.a
LOAD c:/program files (x86)/microchip/xc32/v2.10/bin/bin/../../lib/gcc/pic32mx/4.8.3/../../../../pic32mx/lib\libc.a
LOAD c:/program files (x86)/microchip/xc32/v2.10/bin/bin/../../lib/gcc/pic32mx/4.8.3/../../../../pic32mx/lib\libc.a
LOAD c:/program files (x86)/microchip/xc32/v2.10/bin/bin/../../lib/gcc/pic32mx/4.8.3/../../../../pic32mx/lib\libm.a
LOAD c:/program files (x86)/microchip/xc32/v2.10/bin/bin/../../lib/gcc/pic32mx/4.8.3/../../../../pic32mx/lib\libe.a
LOAD c:/program files (x86)/microchip/xc32/v2.10/bin/bin/../../lib/gcc/pic32mx/4.8.3/../../../../pic32mx/lib\libdsp.a
LOAD c:/program files (x86)/microchip/xc32/v2.10/bin/bin/../../lib/gcc/pic32mx/4.8.3\libgcc.a
LOAD c:/program files (x86)/microchip/xc32/v2.10/bin/bin/../../lib/gcc/pic32mx/4.8.3/../../../../pic32mx/lib\libpic32.a
END GROUP
LOAD c:/program files (x86)/microchip/xc32/v2.10/bin/bin/../../lib/gcc/pic32mx/4.8.3\libgcc.a
OUTPUT(dist/default/production/HW12.X.production.elf elf32-tradlittlemips)
LOAD stack
LOAD data_init

.reginfo        0x00000000       0x18
 .reginfo       0x00000000       0x18 c:/program files (x86)/microchip/xc32/v2.10/bin/bin/../../lib/gcc/pic32mx/4.8.3/../../../../pic32mx/lib/./proc/32MX250F128B/crt0_mips32r2.o

.stack          0xa0000610      0x400
 .stack         0xa0000610      0x400 stack

.bss            0xa000003c       0xbc
 .bss           0xa000003c       0xbc build/default/production/_ext/2122677765/usb_device.o

.data           0xa00000f8       0x50
 .data          0xa00000f8       0x50 build/default/production/_ext/495391950/drv_usbfs_device.o
                0xa00000f8                gDrvUSBFSDeviceInterface

.bss            0xa0000148       0x44
 .bss           0xa0000148       0x44 c:/program files (x86)/microchip/xc32/v2.10/bin/bin/../../lib/gcc/pic32mx/4.8.3/../../../../pic32mx/lib\libc.a(_iob.o)
                0xa0000148                _sobuf
                0xa0000168                _sibuf
                0xa0000188                _outdone

._debug_exception
                0xbfc00480       0x2c
 ._debug_exception
                0xbfc00480       0x2c c:/program files (x86)/microchip/xc32/v2.10/bin/bin/../../lib/gcc/pic32mx/4.8.3/../../../../pic32mx/lib\debug-exception-return.o
                0xbfc00480                __DbgExecReturn

.text._vfprintf_cdnopuxX
                0x9d000000      0xc8c
 .text._vfprintf_cdnopuxX
                0x9d000000      0xc8c c:/program files (x86)/microchip/xc32/v2.10/bin/bin/../../lib/gcc/pic32mx/4.8.3/../../../../pic32mx/lib\libc.a(doprnt_cdnopuxX.eo)
                0x9d000000                _vfprintf_cdnopuxX

.text._DRV_USBFS_DEVICE_Tasks_ISR
                0x9d000c8c      0x664
 .text._DRV_USBFS_DEVICE_Tasks_ISR
                0x9d000c8c      0x664 build/default/production/_ext/495391950/drv_usbfs_device.o
                0x9d000c8c                _DRV_USBFS_DEVICE_Tasks_ISR

.text.LCD_init  0x9d0012f0      0x63c
 .text.LCD_init
                0x9d0012f0      0x63c build/default/production/_ext/1360937237/ili9341.o
                0x9d0012f0                LCD_init

.text.APP_Tasks
                0x9d00192c      0x4b8
 .text.APP_Tasks
                0x9d00192c      0x4b8 build/default/production/_ext/1360937237/app.o
                0x9d00192c                APP_Tasks

.text           0x9d001de4      0x8bc
 .text          0x9d001de4      0x464 c:/program files (x86)/microchip/xc32/v2.10/bin/bin/../../lib/gcc/pic32mx/4.8.3\libgcc.a(_umoddi3.o)
                0x9d001de4                __umoddi3
 .text          0x9d002248      0x458 c:/program files (x86)/microchip/xc32/v2.10/bin/bin/../../lib/gcc/pic32mx/4.8.3\libgcc.a(_udivdi3.o)
                0x9d002248                __udivdi3

.text._USB_DEVICE_HID_ControlTransferHandler
                0x9d0026a0      0x2fc
 .text._USB_DEVICE_HID_ControlTransferHandler
                0x9d0026a0      0x2fc build/default/production/_ext/2122677765/usb_device_hid.o
                0x9d0026a0                _USB_DEVICE_HID_ControlTransferHandler

.text.DRV_USBFS_DEVICE_IRPSubmit
                0x9d00299c      0x22c
 .text.DRV_USBFS_DEVICE_IRPSubmit
                0x9d00299c      0x22c build/default/production/_ext/495391950/drv_usbfs_device.o
                0x9d00299c                DRV_USBFS_DEVICE_IRPSubmit

.text._USB_DEVICE_EventHandler
                0x9d002bc8      0x218
 .text._USB_DEVICE_EventHandler
                0x9d002bc8      0x218 build/default/production/_ext/2122677765/usb_device.o
                0x9d002bc8                _USB_DEVICE_EventHandler

.text._USB_DEVICE_ProcessStandardDeviceSetRequests
                0x9d002de0      0x214
 .text._USB_DEVICE_ProcessStandardDeviceSetRequests
                0x9d002de0      0x214 build/default/production/_ext/2122677765/usb_device.o
                0x9d002de0                _USB_DEVICE_ProcessStandardDeviceSetRequests

.text._USB_DEVICE_ProcessStandardDeviceGetRequests
                0x9d002ff4      0x20c
 .text._USB_DEVICE_ProcessStandardDeviceGetRequests
                0x9d002ff4      0x20c build/default/production/_ext/2122677765/usb_device.o
                0x9d002ff4                _USB_DEVICE_ProcessStandardDeviceGetRequests

.text._USB_DEVICE_ControlTransferHandler
                0x9d003200      0x1fc
 .text._USB_DEVICE_ControlTransferHandler
                0x9d003200      0x1fc build/default/production/_ext/2122677765/usb_device.o
                0x9d003200                _USB_DEVICE_ControlTransferHandler

.rodata         0x9d0033fc      0x1e0
 .rodata        0x9d0033fc      0x1e0 build/default/production/_ext/1360937237/ili9341.o

.text.DRV_USBFS_DEVICE_EndpointStallClear
                0x9d0035dc      0x1c8
 .text.DRV_USBFS_DEVICE_EndpointStallClear
                0x9d0035dc      0x1c8 build/default/production/_ext/495391950/drv_usbfs_device.o
                0x9d0035dc                DRV_USBFS_DEVICE_EndpointStallClear

.text.DRV_USBFS_DEVICE_EndpointStall
                0x9d0037a4      0x1b8
 .text.DRV_USBFS_DEVICE_EndpointStall
                0x9d0037a4      0x1b8 build/default/production/_ext/495391950/drv_usbfs_device.o
                0x9d0037a4                DRV_USBFS_DEVICE_EndpointStall

.text.DRV_USBFS_DEVICE_EndpointEnable
                0x9d00395c      0x198
 .text.DRV_USBFS_DEVICE_EndpointEnable
                0x9d00395c      0x198 build/default/production/_ext/495391950/drv_usbfs_device.o
                0x9d00395c                DRV_USBFS_DEVICE_EndpointEnable

.rodata         0x9d003af4      0x18c
 .rodata        0x9d003af4      0x18c build/default/production/_ext/1688732426/system_init.o
                0x9d003af4                usbDevInitData
                0x9d003b28                usbMasterDescriptor
                0x9d003b54                stringDescriptors
                0x9d003b60                sd002
                0x9d003b80                sd001
                0x9d003bb4                sd000
                0x9d003bb8                fullSpeedConfigDescSet
                0x9d003bbc                fullSpeedConfigurationDescriptor
                0x9d003be8                deviceDescriptor
                0x9d003bfc                funcRegistrationTable
                0x9d003c10                hidInit0
                0x9d003c20                hid_rpt0
                0x9d003c54                drvUSBFSInit

.text._USB_DEVICE_Ep0ReceiveCompleteCallback
                0x9d003c80      0x184
 .text._USB_DEVICE_Ep0ReceiveCompleteCallback
                0x9d003c80      0x184 build/default/production/_ext/2122677765/usb_device.o
                0x9d003c80                _USB_DEVICE_Ep0ReceiveCompleteCallback

.text.USB_DEVICE_Tasks
                0x9d003e04      0x170
 .text.USB_DEVICE_Tasks
                0x9d003e04      0x170 build/default/production/_ext/2122677765/usb_device.o
                0x9d003e04                USB_DEVICE_Tasks

.text.USB_DEVICE_HID_ReportSend
                0x9d003f74      0x170
 .text.USB_DEVICE_HID_ReportSend
                0x9d003f74      0x170 build/default/production/_ext/2122677765/usb_device_hid.o
                0x9d003f74                USB_DEVICE_HID_ReportSend

.text           0x9d0040e4      0x168
 .text          0x9d0040e4      0x168 c:/program files (x86)/microchip/xc32/v2.10/bin/bin/../../lib/gcc/pic32mx/4.8.3/../../../../pic32mx/lib\libpic32.a(memcpy.o)
                0x9d0040e4                memcpy

.text.USB_DEVICE_Initialize
                0x9d00424c      0x15c
 .text.USB_DEVICE_Initialize
                0x9d00424c      0x15c build/default/production/_ext/2122677765/usb_device.o
                0x9d00424c                USB_DEVICE_Initialize

.text.DRV_USBFS_DEVICE_IRPCancelAll
                0x9d0043a8      0x158
 .text.DRV_USBFS_DEVICE_IRPCancelAll
                0x9d0043a8      0x158 build/default/production/_ext/495391950/drv_usbfs_device.o
                0x9d0043a8                DRV_USBFS_DEVICE_IRPCancelAll

.text.fputc     0x9d004500      0x144
 .text.fputc    0x9d004500      0x144 c:/program files (x86)/microchip/xc32/v2.10/bin/bin/../../lib/gcc/pic32mx/4.8.3/../../../../pic32mx/lib\libc.a(_fputc_simple.o)
                0x9d004500                fputc

.text.DRV_USBFS_DEVICE_EndpointDisable
                0x9d004644      0x140
 .text.DRV_USBFS_DEVICE_EndpointDisable
                0x9d004644      0x140 build/default/production/_ext/495391950/drv_usbfs_device.o
                0x9d004644                DRV_USBFS_DEVICE_EndpointDisable

.text._USB_DEVICE_HID_InitializeByDescriptorType
                0x9d004784      0x140
 .text._USB_DEVICE_HID_InitializeByDescriptorType
                0x9d004784      0x140 build/default/production/_ext/2122677765/usb_device_hid.o
                0x9d004784                _USB_DEVICE_HID_InitializeByDescriptorType

.text.DRV_USBFS_Initialize
                0x9d0048c4      0x138
 .text.DRV_USBFS_Initialize
                0x9d0048c4      0x138 build/default/production/_ext/495391950/drv_usbfs.o
                0x9d0048c4                DRV_USBFS_Initialize

.text._IntHandlerUSBInstance0
                0x9d0049fc      0x130
 .text._IntHandlerUSBInstance0
                0x9d0049fc      0x130 build/default/production/_ext/1688732426/system_interrupt.o
                0x9d0049fc                _IntHandlerUSBInstance0

.text.DRV_USBFS_DEVICE_IRPCancel
                0x9d004b2c      0x130
 .text.DRV_USBFS_DEVICE_IRPCancel
                0x9d004b2c      0x130 build/default/production/_ext/495391950/drv_usbfs_device.o
                0x9d004b2c                DRV_USBFS_DEVICE_IRPCancel

.text._flsbuf   0x9d004c5c      0x12c
 .text._flsbuf  0x9d004c5c      0x12c c:/program files (x86)/microchip/xc32/v2.10/bin/bin/../../lib/gcc/pic32mx/4.8.3/../../../../pic32mx/lib\libc.a(_flsbuf_simple.o)
                0x9d004c5c                _flsbuf

.rodata         0x9d004d88      0x22c
 .rodata        0x9d004d88      0x128 build/default/production/_ext/1688732426/system_exceptions.o
 .rodata        0x9d004eb0      0x104 c:/program files (x86)/microchip/xc32/v2.10/bin/bin/../../lib/gcc/pic32mx/4.8.3/../../../../pic32mx/lib\libc.a(ctype.o)
                0x9d004eb0                _ctype

.text._USB_DEVICE_ConfigureDevice
                0x9d004fb4      0x100
 .text._USB_DEVICE_ConfigureDevice
                0x9d004fb4      0x100 build/default/production/_ext/2122677765/usb_device.o
                0x9d004fb4                _USB_DEVICE_ConfigureDevice

.text._USB_DEVICE_ProcessStandardEndpointRequest
                0x9d0050b4      0x100
 .text._USB_DEVICE_ProcessStandardEndpointRequest
                0x9d0050b4      0x100 build/default/production/_ext/2122677765/usb_device.o
                0x9d0050b4                _USB_DEVICE_ProcessStandardEndpointRequest

.text.LCD_drawLetter
                0x9d0051b4      0x100
 .text.LCD_drawLetter
                0x9d0051b4      0x100 build/default/production/_ext/1360937237/ili9341.o
                0x9d0051b4                LCD_drawLetter

.text.APP_USBDeviceEventHandler
                0x9d0052b4       0xf8
 .text.APP_USBDeviceEventHandler
                0x9d0052b4       0xf8 build/default/production/_ext/1360937237/app.o